Component: ARM Compiler 5.06 update 7 (build 960) Tool: armlink [4d3601]

==============================================================================

Section Cross References

    startup_gd32f10x_md.o(RESET) refers to startup_gd32f10x_md.o(STACK) for __initial_sp
    startup_gd32f10x_md.o(RESET) refers to startup_gd32f10x_md.o(.text) for Reset_Handler
    startup_gd32f10x_md.o(RESET) refers to gd32f10x_it.o(i.NMI_Handler) for NMI_Handler
    startup_gd32f10x_md.o(RESET) refers to gd32f10x_it.o(i.HardFault_Handler) for HardFault_Handler
    startup_gd32f10x_md.o(RESET) refers to gd32f10x_it.o(i.MemManage_Handler) for MemManage_Handler
    startup_gd32f10x_md.o(RESET) refers to gd32f10x_it.o(i.BusFault_Handler) for BusFault_Handler
    startup_gd32f10x_md.o(RESET) refers to gd32f10x_it.o(i.UsageFault_Handler) for UsageFault_Handler
    startup_gd32f10x_md.o(RESET) refers to gd32f10x_it.o(i.SVC_Handler) for SVC_Handler
    startup_gd32f10x_md.o(RESET) refers to gd32f10x_it.o(i.DebugMon_Handler) for DebugMon_Handler
    startup_gd32f10x_md.o(RESET) refers to gd32f10x_it.o(i.PendSV_Handler) for PendSV_Handler
    startup_gd32f10x_md.o(RESET) refers to gd32f10x_it.o(i.SysTick_Handler) for SysTick_Handler
    startup_gd32f10x_md.o(RESET) refers to usbd.o(i.USBD_LP_CAN0_RX0_IRQHandler) for USBD_LP_CAN0_RX0_IRQHandler
    startup_gd32f10x_md.o(RESET) refers to usart.o(i.USART0_IRQHandler) for USART0_IRQHandler
    startup_gd32f10x_md.o(.text) refers to system_gd32f10x.o(i.SystemInit) for SystemInit
    startup_gd32f10x_md.o(.text) refers to entry.o(.ARM.Collect$$$$00000000) for __main
    system_gd32f10x.o(i.SystemInit) refers to system_gd32f10x.o(i.system_clock_config) for system_clock_config
    system_gd32f10x.o(i.SystemInit) refers to gd32f10x_misc.o(i.nvic_vector_table_set) for nvic_vector_table_set
    system_gd32f10x.o(i.system_clock_config) refers to system_gd32f10x.o(i.system_clock_96m_hxtal) for system_clock_96m_hxtal
    main.o(i.main) refers to system_gd32f10x.o(i.SystemInit) for SystemInit
    main.o(i.main) refers to systick.o(i.systick_config) for systick_config
    main.o(i.main) refers to usart.o(i.USART0_Init) for USART0_Init
    main.o(i.main) refers to key.o(i.Key_Init) for Key_Init
    main.o(i.main) refers to spi.o(i.SPI_Init) for SPI_Init
    main.o(i.main) refers to led.o(i.LED_Init) for LED_Init
    main.o(i.main) refers to usbd.o(i.USBD_Init) for USBD_Init
    main.o(i.main) refers to printf8.o(i.__0printf$8) for __2printf
    main.o(i.main) refers to usbd.o(i.USBD_Kernel) for USBD_Kernel
    gd32f10x_it.o(i.SysTick_Handler) refers to systick.o(i.delay_decrement) for delay_decrement
    gd32f10x_it.o(i.SysTick_Handler) refers to gd32f10x_gpio.o(i.gpio_bit_reset) for gpio_bit_reset
    gd32f10x_it.o(i.SysTick_Handler) refers to gd32f10x_gpio.o(i.gpio_input_bit_get) for gpio_input_bit_get
    gd32f10x_it.o(i.SysTick_Handler) refers to key.o(i.Key_set_status) for Key_set_status
    gd32f10x_it.o(i.SysTick_Handler) refers to usart.o(.bss) for USART0_INFO
    gd32f10x_it.o(i.SysTick_Handler) refers to gd32f10x_it.o(.data) for Ticknum
    psram.o(i.PSRAM_Init) refers to gd32f10x_gpio.o(i.gpio_bit_set) for gpio_bit_set
    psram.o(i.PSRAM_Init) refers to systick.o(i.delay_1ms) for delay_1ms
    psram.o(i.PSRAM_Init) refers to psram.o(i.PSRAM_ReadID) for PSRAM_ReadID
    psram.o(i.PSRAM_ReadEx_Data) refers to gd32f10x_gpio.o(i.gpio_bit_reset) for gpio_bit_reset
    psram.o(i.PSRAM_ReadEx_Data) refers to spi.o(i.SPI_transfer_Byte) for SPI_transfer_Byte
    psram.o(i.PSRAM_ReadEx_Data) refers to gd32f10x_gpio.o(i.gpio_bit_set) for gpio_bit_set
    psram.o(i.PSRAM_ReadID) refers to gd32f10x_gpio.o(i.gpio_bit_reset) for gpio_bit_reset
    psram.o(i.PSRAM_ReadID) refers to spi.o(i.SPI_transfer_Byte) for SPI_transfer_Byte
    psram.o(i.PSRAM_ReadID) refers to printf8.o(i.__0printf$8) for __2printf
    psram.o(i.PSRAM_ReadID) refers to gd32f10x_gpio.o(i.gpio_bit_set) for gpio_bit_set
    psram.o(i.PSRAM_Read_Data) refers to gd32f10x_gpio.o(i.gpio_bit_reset) for gpio_bit_reset
    psram.o(i.PSRAM_Read_Data) refers to spi.o(i.SPI_transfer_Byte) for SPI_transfer_Byte
    psram.o(i.PSRAM_Read_Data) refers to gd32f10x_gpio.o(i.gpio_bit_set) for gpio_bit_set
    psram.o(i.PSRAM_Write_Date) refers to gd32f10x_gpio.o(i.gpio_bit_reset) for gpio_bit_reset
    psram.o(i.PSRAM_Write_Date) refers to spi.o(i.SPI_transfer_Byte) for SPI_transfer_Byte
    psram.o(i.PSRAM_Write_Date) refers to gd32f10x_gpio.o(i.gpio_bit_set) for gpio_bit_set
    systick.o(i.delay_1ms) refers to systick.o(.data) for delay
    systick.o(i.delay_decrement) refers to systick.o(.data) for delay
    systick.o(i.systick_config) refers to systick.o(i.NVIC_SetPriority) for NVIC_SetPriority
    systick.o(i.systick_config) refers to system_gd32f10x.o(.data) for SystemCoreClock
    spi.o(i.SPI_Init) refers to gd32f10x_rcu.o(i.rcu_periph_clock_enable) for rcu_periph_clock_enable
[...]
    Removing gd32f10x_spi.o(i.spi_i2s_interrupt_disable), (8 bytes).
    Removing gd32f10x_spi.o(i.spi_i2s_interrupt_enable), (8 bytes).
    Removing gd32f10x_spi.o(i.spi_i2s_interrupt_flag_get), (100 bytes).
    Removing gd32f10x_spi.o(i.spi_nss_internal_high), (10 bytes).
    Removing gd32f10x_spi.o(i.spi_nss_internal_low), (10 bytes).
    Removing gd32f10x_spi.o(i.spi_nss_output_disable), (10 bytes).
    Removing gd32f10x_spi.o(i.spi_nss_output_enable), (10 bytes).
    Removing gd32f10x_spi.o(i.spi_struct_para_init), (18 bytes).
    Removing gd32f10x_timer.o(.rev16_text), (4 bytes).
    Removing gd32f10x_timer.o(.revsh_text), (4 bytes).
    Removing gd32f10x_timer.o(i.timer_auto_reload_shadow_disable), (10 bytes).
    Removing gd32f10x_timer.o(i.timer_auto_reload_shadow_enable), (10 bytes).
    Removing gd32f10x_timer.o(i.timer_automatic_output_disable), (10 bytes).
    Removing gd32f10x_timer.o(i.timer_automatic_output_enable), (10 bytes).
    Removing gd32f10x_timer.o(i.timer_autoreload_value_config), (4 bytes).
    Removing gd32f10x_timer.o(i.timer_break_config), (30 bytes).
    Removing gd32f10x_timer.o(i.timer_break_disable), (10 bytes).
    Removing gd32f10x_timer.o(i.timer_break_enable), (10 bytes).
    Removing gd32f10x_timer.o(i.timer_break_struct_para_init), (18 bytes).
    Removing gd32f10x_timer.o(i.timer_channel_capture_value_register_read), (42 bytes).
    Removing gd32f10x_timer.o(i.timer_channel_complementary_output_polarity_config), (70 bytes).
    Removing gd32f10x_timer.o(i.timer_channel_complementary_output_state_config), (70 bytes).
    Removing gd32f10x_timer.o(i.timer_channel_control_shadow_config), (24 bytes).
    Removing gd32f10x_timer.o(i.timer_channel_control_shadow_update_config), (26 bytes).
    Removing gd32f10x_timer.o(i.timer_channel_dma_request_source_select), (26 bytes).
    Removing gd32f10x_timer.o(i.timer_channel_input_capture_prescaler_config), (90 bytes).
    Removing gd32f10x_timer.o(i.timer_channel_input_struct_para_init), (16 bytes).
    Removing gd32f10x_timer.o(i.timer_channel_output_clear_config), (90 bytes).
    Removing gd32f10x_timer.o(i.timer_channel_output_config), (492 bytes).
    Removing gd32f10x_timer.o(i.timer_channel_output_fast_config), (90 bytes).
    Removing gd32f10x_timer.o(i.timer_channel_output_mode_config), (90 bytes).
    Removing gd32f10x_timer.o(i.timer_channel_output_polarity_config), (92 bytes).
    Removing gd32f10x_timer.o(i.timer_channel_output_pulse_value_config), (38 bytes).
    Removing gd32f10x_timer.o(i.timer_channel_output_shadow_config), (90 bytes).
    Removing gd32f10x_timer.o(i.timer_channel_output_state_config), (92 bytes).
    Removing gd32f10x_timer.o(i.timer_channel_output_struct_para_init), (16 bytes).
    Removing gd32f10x_timer.o(i.timer_counter_alignment), (16 bytes).
    Removing gd32f10x_timer.o(i.timer_counter_down_direction), (10 bytes).
    Removing gd32f10x_timer.o(i.timer_counter_read), (8 bytes).
    Removing gd32f10x_timer.o(i.timer_counter_up_direction), (10 bytes).
    Removing gd32f10x_timer.o(i.timer_counter_value_config), (4 bytes).
    Removing gd32f10x_timer.o(i.timer_deinit), (220 bytes).
    Removing gd32f10x_timer.o(i.timer_disable), (10 bytes).
    Removing gd32f10x_timer.o(i.timer_dma_disable), (8 bytes).
    Removing gd32f10x_timer.o(i.timer_dma_enable), (8 bytes).
    Removing gd32f10x_timer.o(i.timer_dma_transfer_config), (24 bytes).
    Removing gd32f10x_timer.o(i.timer_enable), (10 bytes).
    Removing gd32f10x_timer.o(i.timer_event_software_generate), (8 bytes).
    Removing gd32f10x_timer.o(i.timer_external_clock_mode0_config), (40 bytes).
    Removing gd32f10x_timer.o(i.timer_external_clock_mode1_config), (32 bytes).
    Removing gd32f10x_timer.o(i.timer_external_clock_mode1_disable), (10 bytes).
    Removing gd32f10x_timer.o(i.timer_external_trigger_as_external_clock_config), (166 bytes).
    Removing gd32f10x_timer.o(i.timer_external_trigger_config), (30 bytes).
    Removing gd32f10x_timer.o(i.timer_flag_clear), (6 bytes).
    Removing gd32f10x_timer.o(i.timer_flag_get), (16 bytes).
    Removing gd32f10x_timer.o(i.timer_hall_mode_config), (26 bytes).
    Removing gd32f10x_timer.o(i.timer_init), (224 bytes).
    Removing gd32f10x_timer.o(i.timer_input_capture_config), (326 bytes).
    Removing gd32f10x_timer.o(i.timer_input_pwm_capture_config), (356 bytes).
    Removing gd32f10x_timer.o(i.timer_input_trigger_source_select), (16 bytes).
    Removing gd32f10x_timer.o(i.timer_internal_clock_config), (10 bytes).
    Removing gd32f10x_timer.o(i.timer_internal_trigger_as_external_clock_config), (32 bytes).
    Removing gd32f10x_timer.o(i.timer_interrupt_disable), (8 bytes).
    Removing gd32f10x_timer.o(i.timer_interrupt_enable), (8 bytes).
    Removing gd32f10x_timer.o(i.timer_interrupt_flag_clear), (6 bytes).
    Removing gd32f10x_timer.o(i.timer_interrupt_flag_get), (24 bytes).
    Removing gd32f10x_timer.o(i.timer_master_output_trigger_source_select), (16 bytes).
    Removing gd32f10x_timer.o(i.timer_master_slave_mode_config), (26 bytes).
    Removing gd32f10x_timer.o(i.timer_prescaler_config), (16 bytes).
    Removing gd32f10x_timer.o(i.timer_prescaler_read), (10 bytes).
    Removing gd32f10x_timer.o(i.timer_primary_output_config), (24 bytes).
    Removing gd32f10x_timer.o(i.timer_quadrature_decoder_mode_config), (64 bytes).
    Removing gd32f10x_timer.o(i.timer_repetition_value_config), (4 bytes).
    Removing gd32f10x_timer.o(i.timer_single_pulse_mode_config), (26 bytes).
    Removing gd32f10x_timer.o(i.timer_slave_mode_select), (16 bytes).
    Removing gd32f10x_timer.o(i.timer_struct_para_init), (22 bytes).
    Removing gd32f10x_timer.o(i.timer_update_event_disable), (10 bytes).
    Removing gd32f10x_timer.o(i.timer_update_event_enable), (10 bytes).
    Removing gd32f10x_timer.o(i.timer_update_source_config), (26 bytes).
    Removing gd32f10x_usart.o(.rev16_text), (4 bytes).
    Removing gd32f10x_usart.o(.revsh_text), (4 bytes).
    Removing gd32f10x_usart.o(i.usart_address_config), (20 bytes).
    Removing gd32f10x_usart.o(i.usart_disable), (10 bytes).
    Removing gd32f10x_usart.o(i.usart_dma_receive_config), (20 bytes).
    Removing gd32f10x_usart.o(i.usart_dma_transmit_config), (20 bytes).
    Removing gd32f10x_usart.o(i.usart_flag_clear), (18 bytes).
    Removing gd32f10x_usart.o(i.usart_guard_time_config), (24 bytes).
    Removing gd32f10x_usart.o(i.usart_halfduplex_disable), (10 bytes).
    Removing gd32f10x_usart.o(i.usart_halfduplex_enable), (10 bytes).
    Removing gd32f10x_usart.o(i.usart_interrupt_disable), (26 bytes).
    Removing gd32f10x_usart.o(i.usart_irda_lowpower_config), (20 bytes).
    Removing gd32f10x_usart.o(i.usart_irda_mode_disable), (10 bytes).
    Removing gd32f10x_usart.o(i.usart_irda_mode_enable), (10 bytes).
    Removing gd32f10x_usart.o(i.usart_lin_break_detection_length_config), (20 bytes).
    Removing gd32f10x_usart.o(i.usart_lin_mode_disable), (10 bytes).
    Removing gd32f10x_usart.o(i.usart_lin_mode_enable), (10 bytes).
    Removing gd32f10x_usart.o(i.usart_mute_mode_disable), (10 bytes).
    Removing gd32f10x_usart.o(i.usart_mute_mode_enable), (10 bytes).
    Removing gd32f10x_usart.o(i.usart_mute_mode_wakeup_config), (16 bytes).
    Removing gd32f10x_usart.o(i.usart_prescaler_config), (16 bytes).
    Removing gd32f10x_usart.o(i.usart_send_break), (10 bytes).
    Removing gd32f10x_usart.o(i.usart_smartcard_mode_disable), (10 bytes).
    Removing gd32f10x_usart.o(i.usart_smartcard_mode_enable), (10 bytes).
    Removing gd32f10x_usart.o(i.usart_smartcard_mode_nack_disable), (10 bytes).
    Removing gd32f10x_usart.o(i.usart_smartcard_mode_nack_enable), (10 bytes).
    Removing gd32f10x_usart.o(i.usart_synchronous_clock_config), (34 bytes).
    Removing gd32f10x_usart.o(i.usart_synchronous_clock_disable), (10 bytes).
    Removing gd32f10x_usart.o(i.usart_synchronous_clock_enable), (10 bytes).
    Removing gd32f10x_wwdgt.o(.rev16_text), (4 bytes).
    Removing gd32f10x_wwdgt.o(.revsh_text), (4 bytes).
    Removing gd32f10x_wwdgt.o(i.wwdgt_config), (28 bytes).
    Removing gd32f10x_wwdgt.o(i.wwdgt_counter_update), (16 bytes).
    Removing gd32f10x_wwdgt.o(i.wwdgt_deinit), (20 bytes).
    Removing gd32f10x_wwdgt.o(i.wwdgt_enable), (20 bytes).
    Removing gd32f10x_wwdgt.o(i.wwdgt_flag_clear), (12 bytes).
    Removing gd32f10x_wwdgt.o(i.wwdgt_flag_get), (24 bytes).
    Removing gd32f10x_wwdgt.o(i.wwdgt_interrupt_enable), (20 bytes).
    Removing usbd_lld_core.o(.rev16_text), (4 bytes).
    Removing usbd_lld_core.o(.revsh_text), (4 bytes).
    Removing usbd_lld_core.o(i.user_buffer_free), (84 bytes).
    Removing usbd_lld_int.o(.rev16_text), (4 bytes).
    Removing usbd_lld_int.o(.revsh_text), (4 bytes).
    Removing usbd_lld_int.o(i.usbd_int_hpst), (300 bytes).
    Removing usbd_core.o(.rev16_text), (4 bytes).
    Removing usbd_core.o(.revsh_text), (4 bytes).
    Removing usbd_enum.o(.rev16_text), (4 bytes).
    Removing usbd_enum.o(.revsh_text), (4 bytes).
    Removing usbd_pwr.o(.rev16_text), (4 bytes).
    Removing usbd_pwr.o(.revsh_text), (4 bytes).
    Removing usbd_pwr.o(i.usbd_remote_wakeup_active), (42 bytes).
    Removing usbd_transc.o(.rev16_text), (4 bytes).
    Removing usbd_transc.o(.revsh_text), (4 bytes).
    Removing cdc_acm_core.o(.rev16_text), (4 bytes).
    Removing cdc_acm_core.o(.revsh_text), (4 bytes).
    Removing standard_hid_core.o(.rev16_text), (4 bytes).
    Removing standard_hid_core.o(.revsh_text), (4 bytes).
    Removing standard_winusb_core.o(.rev16_text), (4 bytes).
    Removing standard_winusb_core.o(.revsh_text), (4 bytes).
    Removing dadd.o(.text), (334 bytes).
    Removing dmul.o(.text), (228 bytes).
    Removing ddiv.o(.text), (222 bytes).
    Removing dfixul.o(.text), (48 bytes).
    Removing cdrcmple.o(.text), (48 bytes).
    Removing depilogue.o(.text), (186 bytes).

609 unused section(s) (total 23890 bytes) removed from the image.

==============================================================================

Image Symbol Table

    Local Symbols

    Symbol Name                              Value     Ov Type        Size  Object(Section)

    ../clib/../cmprslib/zerorunl2.c          0x00000000   Number         0  __dczerorl2.o ABSOLUTE
    ../clib/microlib/division.c              0x00000000   Number         0  uldiv.o ABSOLUTE
    ../clib/microlib/division.c              0x00000000   Number         0  uidiv.o ABSOLUTE
    ../clib/microlib/init/entry.s            0x00000000   Number         0  entry7a.o ABSOLUTE
    ../clib/microlib/init/entry.s            0x00000000   Number         0  entry10b.o ABSOLUTE
    ../clib/microlib/init/entry.s            0x00000000   Number         0  entry9a.o ABSOLUTE
    ../clib/microlib/init/entry.s            0x00000000   Number         0  entry8b.o ABSOLUTE
    ../clib/microlib/init/entry.s            0x00000000   Number         0  entry10a.o ABSOLUTE
    ../clib/microlib/init/entry.s            0x00000000   Number         0  entry2.o ABSOLUTE
    ../clib/microlib/init/entry.s            0x00000000   Number         0  entry12b.o ABSOLUTE
    ../clib/microlib/init/entry.s            0x00000000   Number         0  entry5.o ABSOLUTE
    ../clib/microlib/init/entry.s            0x00000000   Number         0  entry12a.o ABSOLUTE
    ../clib/microlib/init/entry.s            0x00000000   Number         0  entry11b.o ABSOLUTE
    ../clib/microlib/init/entry.s            0x00000000   Number         0  entry7b.o ABSOLUTE
    ../clib/microlib/init/entry.s            0x00000000   Number         0  entry.o ABSOLUTE
    ../clib/microlib/init/entry.s            0x00000000   Number         0  entry11a.o ABSOLUTE
    ../clib/microlib/init/entry.s            0x00000000   Number         0  entry8a.o ABSOLUTE
    ../clib/microlib/init/entry.s            0x00000000   Number         0  entry9b.o ABSOLUTE
    ../clib/microlib/longlong.c              0x00000000   Number         0  llushr.o ABSOLUTE
    ../clib/microlib/longlong.c              0x00000000   Number         0  llshl.o ABSOLUTE
    ../clib/microlib/longlong.c              0x00000000   Number         0  llsshr.o ABSOLUTE
    ../clib/microlib/printf/printf.c         0x00000000   Number         0  printf2.o ABSOLUTE
    ../clib/microlib/printf/printf.c         0x00000000   Number         0  printf1.o ABSOLUTE
    ../clib/microlib/printf/printf.c         0x00000000   Number         0  printf0.o ABSOLUTE
    ../clib/microlib/printf/printf.c         0x00000000   Number         0  printf5.o ABSOLUTE
    ../clib/microlib/printf/printf.c         0x00000000   Number         0  printf6.o ABSOLUTE
    ../clib/microlib/printf/printf.c         0x00000000   Number         0  printf8.o ABSOLUTE
    ../clib/microlib/printf/printf.c         0x00000000   Number         0  printf4.o ABSOLUTE
    ../clib/microlib/printf/printf.c         0x00000000   Number         0  printfa.o ABSOLUTE
    ../clib/microlib/printf/printf.c         0x00000000   Number         0  printf7.o ABSOLUTE
    ../clib/microlib/printf/printf.c         0x00000000   Number         0  printfb.o ABSOLUTE
    ../clib/microlib/printf/printf.c         0x00000000   Number         0  printf3.o ABSOLUTE
    ../clib/microlib/printf/stubs.s          0x00000000   Number         0  stubs.o ABSOLUTE
    ../clib/microlib/stdio/streams.c         0x00000000   Number         0  stdout.o ABSOLUTE
    ../clib/microlib/stubs.s                 0x00000000   Number         0  iusefp.o ABSOLUTE
    ../fplib/microlib/fpadd.c                0x00000000   Number         0  dadd.o ABSOLUTE
    ../fplib/microlib/fpdiv.c                0x00000000   Number         0  ddiv.o ABSOLUTE
    ../fplib/microlib/fpepilogue.c           0x00000000   Number         0  depilogue.o ABSOLUTE
    ../fplib/microlib/fpfix.c                0x00000000   Number         0  dfixul.o ABSOLUTE
    ../fplib/microlib/fpmul.c                0x00000000   Number         0  dmul.o ABSOLUTE
    ..\App\gd32f10x_it.c                     0x00000000   Number         0  gd32f10x_it.o ABSOLUTE
    ..\App\main.c                            0x00000000   Number         0  main.o ABSOLUTE
    ..\CMSIS\startup_gd32f10x_md.s           0x00000000   Number         0  startup_gd32f10x_md.o ABSOLUTE
    ..\CMSIS\system_gd32f10x.c               0x00000000   Number         0  system_gd32f10x.o ABSOLUTE
    ..\Driver\Source\exmc.c                  0x00000000   Number         0  exmc.o ABSOLUTE
    ..\Driver\Source\key.c                   0x00000000   Number         0  key.o ABSOLUTE
    ..\Driver\Source\led.c                   0x00000000   Number         0  led.o ABSOLUTE
    ..\Driver\Source\spi.c                   0x00000000   Number         0  spi.o ABSOLUTE
    ..\Driver\Source\systick.c               0x00000000   Number         0  systick.o ABSOLUTE
    ..\Driver\Source\usart.c                 0x00000000   Number         0  usart.o ABSOLUTE
    ..\Driver\Source\usbd.c                  0x00000000   Number         0  usbd.o ABSOLUTE
    ..\GD32F10x_usbd_library\class\device\cdc\Source\cdc_acm_core.c 0x00000000   Number         0  cdc_acm_core.o ABSOLUTE
    ..\GD32F10x_usbd_library\class\device\hid\Source\standard_hid_core.c 0x00000000   Number         0  standard_hid_core.o ABSOLUTE
    ..\GD32F10x_usbd_library\class\device\winusb\Source\standard_winusb_core.c 0x00000000   Number         0  standard_winusb_core.o ABSOLUTE
    ..\GD32F10x_usbd_library\device\Source\usbd_core.c 0x00000000   Number         0  usbd_core.o ABSOLUTE
    ..\GD32F10x_usbd_library\device\Source\usbd_enum.c 0x00000000   Number         0  usbd_enum.o ABSOLUTE
    ..\GD32F10x_usbd_library\device\Source\usbd_pwr.c 0x00000000   Number         0  usbd_pwr.o ABSOLUTE
    ..\GD32F10x_usbd_library\device\Source\usbd_transc.c 0x00000000   Number         0  usbd_transc.o ABSOLUTE
    ..\GD32F10x_usbd_library\usbd\Source\usbd_lld_core.c 0x00000000   Number         0  usbd_lld_core.o ABSOLUTE
    ..\GD32F10x_usbd_library\usbd\Source\usbd_lld_int.c 0x00000000   Number         0  usbd_lld_int.o ABSOLUTE
    ..\LIB\Source\gd32f10x_adc.c             0x00000000   Number         0  gd32f10x_adc.o ABSOLUTE
    ..\LIB\Source\gd32f10x_bkp.c             0x00000000   Number         0  gd32f10x_bkp.o ABSOLUTE
    ..\LIB\Source\gd32f10x_can.c             0x00000000   Number         0  gd32f10x_can.o ABSOLUTE
    ..\LIB\Source\gd32f10x_crc.c             0x00000000   Number         0  gd32f10x_crc.o ABSOLUTE
    ..\LIB\Source\gd32f10x_dac.c             0x00000000   Number         0  gd32f10x_dac.o ABSOLUTE
    ..\LIB\Source\gd32f10x_dbg.c             0x00000000   Number         0  gd32f10x_dbg.o ABSOLUTE
    ..\LIB\Source\gd32f10x_dma.c             0x00000000   Number         0  gd32f10x_dma.o ABSOLUTE
    ..\LIB\Source\gd32f10x_enet.c            0x00000000   Number         0  gd32f10x_enet.o ABSOLUTE
    ..\LIB\Source\gd32f10x_exmc.c            0x00000000   Number         0  gd32f10x_exmc.o ABSOLUTE
    ..\LIB\Source\gd32f10x_exti.c            0x00000000   Number         0  gd32f10x_exti.o ABSOLUTE
    ..\LIB\Source\gd32f10x_fmc.c             0x00000000   Number         0  gd32f10x_fmc.o ABSOLUTE
    ..\LIB\Source\gd32f10x_fwdgt.c           0x00000000   Number         0  gd32f10x_fwdgt.o ABSOLUTE
    ..\LIB\Source\gd32f10x_gpio.c            0x00000000   Number         0  gd32f10x_gpio.o ABSOLUTE
    ..\LIB\Source\gd32f10x_i2c.c             0x00000000   Number         0  gd32f10x_i2c.o ABSOLUTE
    ..\LIB\Source\gd32f10x_misc.c            0x00000000   Number         0  gd32f10x_misc.o ABSOLUTE
    ..\LIB\Source\gd32f10x_pmu.c             0x00000000   Number         0  gd32f10x_pmu.o ABSOLUTE
    ..\LIB\Source\gd32f10x_rcu.c             0x00000000   Number         0  gd32f10x_rcu.o ABSOLUTE
    ..\LIB\Source\gd32f10x_rtc.c             0x00000000   Number         0  gd32f10x_rtc.o ABSOLUTE
    ..\LIB\Source\gd32f10x_sdio.c            0x00000000   Number         0  gd32f10x_sdio.o ABSOLUTE
    ..\LIB\Source\gd32f10x_spi.c             0x00000000   Number         0  gd32f10x_spi.o ABSOLUTE
    ..\LIB\Source\gd32f10x_timer.c           0x00000000   Number         0  gd32f10x_timer.o ABSOLUTE
    ..\LIB\Source\gd32f10x_usart.c           0x00000000   Number         0  gd32f10x_usart.o ABSOLUTE
    ..\LIB\Source\gd32f10x_wwdgt.c           0x00000000   Number         0  gd32f10x_wwdgt.o ABSOLUTE
    ..\Periphery\Source\psram.c              0x00000000   Number         0  psram.o ABSOLUTE
    ..\\App\\gd32f10x_it.c                   0x00000000   Number         0  gd32f10x_it.o ABSOLUTE
    ..\\App\\main.c                          0x00000000   Number         0  main.o ABSOLUTE
    ..\\CMSIS\\system_gd32f10x.c             0x00000000   Number         0  system_gd32f10x.o ABSOLUTE
    ..\\Driver\\Source\\exmc.c               0x00000000   Number         0  exmc.o ABSOLUTE
    ..\\Driver\\Source\\key.c                0x00000000   Number         0  key.o ABSOLUTE
    ..\\Driver\\Source\\led.c                0x00000000   Number         0  led.o ABSOLUTE
    ..\\Driver\\Source\\spi.c                0x00000000   Number         0  spi.o ABSOLUTE
    ..\\Driver\\Source\\systick.c            0x00000000   Number         0  systick.o ABSOLUTE
    ..\\Driver\\Source\\usart.c              0x00000000   Number         0  usart.o ABSOLUTE
    ..\\Driver\\Source\\usbd.c               0x00000000   Number         0  usbd.o ABSOLUTE
    ..\\GD32F10x_usbd_library\\class\\device\\cdc\\Source\\cdc_acm_core.c 0x00000000   Number         0  cdc_acm_core.o ABSOLUTE
    ..\\GD32F10x_usbd_library\\class\\device\\hid\\Source\\standard_hid_core.c 0x00000000   Number         0  standard_hid_core.o ABSOLUTE
    ..\\GD32F10x_usbd_library\\class\\device\\winusb\\Source\\standard_winusb_core.c 0x00000000   Number         0  standard_winusb_core.o ABSOLUTE
    ..\\GD32F10x_usbd_library\\device\\Source\\usbd_core.c 0x00000000   Number         0  usbd_core.o ABSOLUTE
    ..\\GD32F10x_usbd_library\\device\\Source\\usbd_enum.c 0x00000000   Number         0  usbd_enum.o ABSOLUTE
    ..\\GD32F10x_usbd_library\\device\\Source\\usbd_pwr.c 0x00000000   Number         0  usbd_pwr.o ABSOLUTE
    ..\\GD32F10x_usbd_library\\device\\Source\\usbd_transc.c 0x00000000   Number         0  usbd_transc.o ABSOLUTE
    ..\\GD32F10x_usbd_library\\usbd\\Source\\usbd_lld_core.c 0x00000000   Number         0  usbd_lld_core.o ABSOLUTE
    ..\\GD32F10x_usbd_library\\usbd\\Source\\usbd_lld_int.c 0x00000000   Number         0  usbd_lld_int.o ABSOLUTE
    ..\\LIB\\Source\\gd32f10x_adc.c          0x00000000   Number         0  gd32f10x_adc.o ABSOLUTE
    ..\\LIB\\Source\\gd32f10x_bkp.c          0x00000000   Number         0  gd32f10x_bkp.o ABSOLUTE
    ..\\LIB\\Source\\gd32f10x_can.c          0x00000000   Number         0  gd32f10x_can.o ABSOLUTE
    ..\\LIB\\Source\\gd32f10x_crc.c          0x00000000   Number         0  gd32f10x_crc.o ABSOLUTE
    ..\\LIB\\Source\\gd32f10x_dac.c          0x00000000   Number         0  gd32f10x_dac.o ABSOLUTE
    ..\\LIB\\Source\\gd32f10x_dbg.c          0x00000000   Number         0  gd32f10x_dbg.o ABSOLUTE
    ..\\LIB\\Source\\gd32f10x_dma.c          0x00000000   Number         0  gd32f10x_dma.o ABSOLUTE
    ..\\LIB\\Source\\gd32f10x_enet.c         0x00000000   Number         0  gd32f10x_enet.o ABSOLUTE
    ..\\LIB\\Source\\gd32f10x_exmc.c         0x00000000   Number         0  gd32f10x_exmc.o ABSOLUTE
    ..\\LIB\\Source\\gd32f10x_exti.c         0x00000000   Number         0  gd32f10x_exti.o ABSOLUTE
    ..\\LIB\\Source\\gd32f10x_fmc.c          0x00000000   Number         0  gd32f10x_fmc.o ABSOLUTE
    ..\\LIB\\Source\\gd32f10x_fwdgt.c        0x00000000   Number         0  gd32f10x_fwdgt.o ABSOLUTE
    ..\\LIB\\Source\\gd32f10x_gpio.c         0x00000000   Number         0  gd32f10x_gpio.o ABSOLUTE
    ..\\LIB\\Source\\gd32f10x_i2c.c          0x00000000   Number         0  gd32f10x_i2c.o ABSOLUTE
    ..\\LIB\\Source\\gd32f10x_misc.c         0x00000000   Number         0  gd32f10x_misc.o ABSOLUTE
    ..\\LIB\\Source\\gd32f10x_pmu.c          0x00000000   Number         0  gd32f10x_pmu.o ABSOLUTE
    ..\\LIB\\Source\\gd32f10x_rcu.c          0x00000000   Number         0  gd32f10x_rcu.o ABSOLUTE
    ..\\LIB\\Source\\gd32f10x_rtc.c          0x00000000   Number         0  gd32f10x_rtc.o ABSOLUTE
    ..\\LIB\\Source\\gd32f10x_sdio.c         0x00000000   Number         0  gd32f10x_sdio.o ABSOLUTE
    ..\\LIB\\Source\\gd32f10x_spi.c          0x00000000   Number         0  gd32f10x_spi.o ABSOLUTE
    ..\\LIB\\Source\\gd32f10x_timer.c        0x00000000   Number         0  gd32f10x_timer.o ABSOLUTE
    ..\\LIB\\Source\\gd32f10x_usart.c        0x00000000   Number         0  gd32f10x_usart.o ABSOLUTE
    ..\\LIB\\Source\\gd32f10x_wwdgt.c        0x00000000   Number         0  gd32f10x_wwdgt.o ABSOLUTE
    ..\\Periphery\\Source\\psram.c           0x00000000   Number         0  psram.o ABSOLUTE
    cdrcmple.s                               0x00000000   Number         0  cdrcmple.o ABSOLUTE
    dc.s                                     0x00000000   Number         0  dc.o ABSOLUTE
    handlers.s                               0x00000000   Number         0  handlers.o ABSOLUTE
    init.s                                   0x00000000   Number         0  init.o ABSOLUTE
    RESET                                    0x08000000   Section      260  startup_gd32f10x_md.o(RESET)
    .ARM.Collect$$$$00000000                 0x08000104   Section        0  entry.o(.ARM.Collect$$$$00000000)
    .ARM.Collect$$$$00000001                 0x08000104   Section        4  entry2.o(.ARM.Collect$$$$00000001)
    .ARM.Collect$$$$00000004                 0x08000108   Section        4  entry5.o(.ARM.Collect$$$$00000004)
    .ARM.Collect$$$$00000008                 0x0800010c   Section        0  entry7b.o(.ARM.Collect$$$$00000008)
    .ARM.Collect$$$$0000000A                 0x0800010c   Section        0  entry8b.o(.ARM.Collect$$$$0000000A)
    .ARM.Collect$$$$0000000B                 0x0800010c   Section        8  entry9a.o(.ARM.Collect$$$$0000000B)
    .ARM.Collect$$$$0000000E                 0x08000114   Section        4  entry12b.o(.ARM.Collect$$$$0000000E)
    .ARM.Collect$$$$0000000F                 0x08000118   Section        0  entry10a.o(.ARM.Collect$$$$0000000F)
    .ARM.Collect$$$$00000011                 0x08000118   Section        0  entry11a.o(.ARM.Collect$$$$00000011)
    .ARM.Collect$$$$00002712                 0x08000118   Section        4  entry2.o(.ARM.Collect$$$$00002712)
    __lit__00000000                          0x08000118   Data           4  entry2.o(.ARM.Collect$$$$00002712)
    .text                                    0x0800011c   Section       36  startup_gd32f10x_md.o(.text)
    .text                                    0x08000140   Section        0  uldiv.o(.text)
    .text                                    0x080001a4   Section       36  init.o(.text)
    .text                                    0x080001c8   Section        0  llshl.o(.text)
    .text                                    0x080001e6   Section        0  llushr.o(.text)
    .text                                    0x08000206   Section        0  __dczerorl2.o(.text)
    i.BusFault_Handler                       0x0800025c   Section        0  gd32f10x_it.o(i.BusFault_Handler)
    i.DebugMon_Handler                       0x08000260   Section        0  gd32f10x_it.o(i.DebugMon_Handler)
    i.GetSysemtRest                          0x08000264   Section        0  usbd.o(i.GetSysemtRest)
    GetSysemtRest                            0x08000265   Thumb Code    40  usbd.o(i.GetSysemtRest)
    i.HardFault_Handler                      0x080002e0   Section        0  gd32f10x_it.o(i.HardFault_Handler)
    i.Key_Init                               0x080002e4   Section        0  key.o(i.Key_Init)
    i.Key_set_status                         0x08000300   Section        0  key.o(i.Key_set_status)
    i.LED_Init                               0x0800030c   Section        0  led.o(i.LED_Init)
    i.MemManage_Handler                      0x08000360   Section        0  gd32f10x_it.o(i.MemManage_Handler)
    i.NMI_Handler                            0x08000364   Section        0  gd32f10x_it.o(i.NMI_Handler)
    i.NVIC_SetPriority                       0x08000368   Section        0  systick.o(i.NVIC_SetPriority)
    NVIC_SetPriority                         0x08000369   Thumb Code    32  systick.o(i.NVIC_SetPriority)
    i.PendSV_Handler                         0x08000390   Section        0  gd32f10x_it.o(i.PendSV_Handler)
    i.SPI_Init                               0x08000394   Section        0  spi.o(i.SPI_Init)
    i.SVC_Handler                            0x08000410   Section        0  gd32f10x_it.o(i.SVC_Handler)
    i.SysTick_Handler                        0x08000414   Section        0  gd32f10x_it.o(i.SysTick_Handler)
    i.SystemInit                             0x080004c4   Section        0  system_gd32f10x.o(i.SystemInit)
    i.USART0_IRQHandler                      0x08000598   Section        0  usart.o(i.USART0_IRQHandler)
    i.USART0_Init                            0x0800064c   Section        0  usart.o(i.USART0_Init)
    i.USBD_Init                              0x080006fc   Section        0  usbd.o(i.USBD_Init)
    i.USBD_Kernel                            0x080007a4   Section        0  usbd.o(i.USBD_Kernel)
    i.USBD_LP_CAN0_RX0_IRQHandler            0x08000824   Section        0  usbd.o(i.USBD_LP_CAN0_RX0_IRQHandler)
    i.UsageFault_Handler                     0x0800082c   Section        0  gd32f10x_it.o(i.UsageFault_Handler)
    i.__0printf$8                            0x08000830   Section        0  printf8.o(i.__0printf$8)
    i.__scatterload_copy                     0x08000850   Section       14  handlers.o(i.__scatterload_copy)
    i.__scatterload_null                     0x0800085e   Section        2  handlers.o(i.__scatterload_null)
    i.__scatterload_zeroinit                 0x08000860   Section       14  handlers.o(i.__scatterload_zeroinit)
    i._printf_core                           0x08000870   Section        0  printf8.o(i._printf_core)
    _printf_core                             0x08000871   Thumb Code   984  printf8.o(i._printf_core)
    i._printf_post_padding                   0x08000c74   Section        0  printf8.o(i._printf_post_padding)
    _printf_post_padding                     0x08000c75   Thumb Code    36  printf8.o(i._printf_post_padding)
    i._printf_pre_padding                    0x08000c98   Section        0  printf8.o(i._printf_pre_padding)
    _printf_pre_padding                      0x08000c99   Thumb Code    46  printf8.o(i._printf_pre_padding)
    i._usb_bos_desc_get                      0x08000cc6   Section        0  usbd_enum.o(i._usb_bos_desc_get)
    _usb_bos_desc_get                        0x08000cc7   Thumb Code    48  usbd_enum.o(i._usb_bos_desc_get)
    i._usb_config_desc_get                   0x08000cf6   Section        0  usbd_enum.o(i._usb_config_desc_get)
    _usb_config_desc_get                     0x08000cf7   Thumb Code    32  usbd_enum.o(i._usb_config_desc_get)
    i._usb_dev_desc_get                      0x08000d16   Section        0  usbd_enum.o(i._usb_dev_desc_get)
    _usb_dev_desc_get                        0x08000d17   Thumb Code    20  usbd_enum.o(i._usb_dev_desc_get)
    i._usb_in0_transc                        0x08000d2a   Section        0  usbd_transc.o(i._usb_in0_transc)
    i._usb_out0_transc                       0x08000d9c   Section        0  usbd_transc.o(i._usb_out0_transc)
    i._usb_setup_transc                      0x08000df2   Section        0  usbd_transc.o(i._usb_setup_transc)
    i._usb_std_clearfeature                  0x08000eac   Section        0  usbd_enum.o(i._usb_std_clearfeature)
    _usb_std_clearfeature                    0x08000ead   Thumb Code   142  usbd_enum.o(i._usb_std_clearfeature)
    i._usb_std_getconfiguration              0x08000f3a   Section        0  usbd_enum.o(i._usb_std_getconfiguration)
    _usb_std_getconfiguration                0x08000f3b   Thumb Code    60  usbd_enum.o(i._usb_std_getconfiguration)
    i._usb_std_getdescriptor                 0x08000f78   Section        0  usbd_enum.o(i._usb_std_getdescriptor)
    _usb_std_getdescriptor                   0x08000f79   Thumb Code   282  usbd_enum.o(i._usb_std_getdescriptor)
    i._usb_std_getinterface                  0x08001098   Section        0  usbd_enum.o(i._usb_std_getinterface)
    _usb_std_getinterface                    0x08001099   Thumb Code    62  usbd_enum.o(i._usb_std_getinterface)
    i._usb_std_getstatus                     0x080010d8   Section        0  usbd_enum.o(i._usb_std_getstatus)
    _usb_std_getstatus                       0x080010d9   Thumb Code   190  usbd_enum.o(i._usb_std_getstatus)
    i._usb_std_reserved                      0x0800119c   Section        0  usbd_enum.o(i._usb_std_reserved)
    _usb_std_reserved                        0x0800119d   Thumb Code     6  usbd_enum.o(i._usb_std_reserved)
    i._usb_std_setaddress                    0x080011a2   Section        0  usbd_enum.o(i._usb_std_setaddress)
    _usb_std_setaddress                      0x080011a3   Thumb Code    46  usbd_enum.o(i._usb_std_setaddress)
    i._usb_std_setconfiguration              0x080011d0   Section        0  usbd_enum.o(i._usb_std_setconfiguration)
    _usb_std_setconfiguration                0x080011d1   Thumb Code   160  usbd_enum.o(i._usb_std_setconfiguration)
    i._usb_std_setdescriptor                 0x08001274   Section        0  usbd_enum.o(i._usb_std_setdescriptor)
    _usb_std_setdescriptor                   0x08001275   Thumb Code     6  usbd_enum.o(i._usb_std_setdescriptor)
    i._usb_std_setfeature                    0x0800127a   Section        0  usbd_enum.o(i._usb_std_setfeature)
    _usb_std_setfeature                      0x0800127b   Thumb Code   142  usbd_enum.o(i._usb_std_setfeature)
    i._usb_std_setinterface                  0x08001308   Section        0  usbd_enum.o(i._usb_std_setinterface)
    _usb_std_setinterface                    0x08001309   Thumb Code    64  usbd_enum.o(i._usb_std_setinterface)
    i._usb_std_synchframe                    0x08001348   Section        0  usbd_enum.o(i._usb_std_synchframe)
    _usb_std_synchframe                      0x08001349   Thumb Code     6  usbd_enum.o(i._usb_std_synchframe)
    i._usb_str_desc_get                      0x0800134e   Section        0  usbd_enum.o(i._usb_str_desc_get)
    _usb_str_desc_get                        0x0800134f   Thumb Code    20  usbd_enum.o(i._usb_str_desc_get)
    i.delay_decrement                        0x08001364   Section        0  systick.o(i.delay_decrement)
    i.fputc                                  0x0800137c   Section        0  usart.o(i.fputc)
    i.gpio_bit_reset                         0x080013b0   Section        0  gd32f10x_gpio.o(i.gpio_bit_reset)
    i.gpio_bit_set                           0x080013b4   Section        0  gd32f10x_gpio.o(i.gpio_bit_set)
    i.gpio_init                              0x080013b8   Section        0  gd32f10x_gpio.o(i.gpio_init)
    i.gpio_input_bit_get                     0x08001464   Section        0  gd32f10x_gpio.o(i.gpio_input_bit_get)
    i.int_to_unicode                         0x08001474   Section        0  usbd_enum.o(i.int_to_unicode)
    int_to_unicode                           0x08001475   Thumb Code    62  usbd_enum.o(i.int_to_unicode)
    i.main                                   0x080014b4   Section        0  main.o(i.main)
    i.nvic_irq_enable                        0x080014fc   Section        0  gd32f10x_misc.o(i.nvic_irq_enable)
    i.nvic_priority_group_set                0x080015a8   Section        0  gd32f10x_misc.o(i.nvic_priority_group_set)
    i.nvic_vector_table_set                  0x080015bc   Section        0  gd32f10x_misc.o(i.nvic_vector_table_set)
    i.rcu_all_reset_flag_clear               0x080015d4   Section        0  gd32f10x_rcu.o(i.rcu_all_reset_flag_clear)
    i.rcu_clock_freq_get                     0x080015e8   Section        0  gd32f10x_rcu.o(i.rcu_clock_freq_get)
    i.rcu_periph_clock_enable                0x0800170c   Section        0  gd32f10x_rcu.o(i.rcu_periph_clock_enable)
    i.rcu_periph_reset_disable               0x0800172c   Section        0  gd32f10x_rcu.o(i.rcu_periph_reset_disable)
    i.rcu_periph_reset_enable                0x0800174c   Section        0  gd32f10x_rcu.o(i.rcu_periph_reset_enable)
    i.rcu_usb_clock_config                   0x0800176c   Section        0  gd32f10x_rcu.o(i.rcu_usb_clock_config)
    i.serial_string_get                      0x08001784   Section        0  usbd_enum.o(i.serial_string_get)
    i.spi_enable                             0x080017d4   Section        0  gd32f10x_spi.o(i.spi_enable)
    i.spi_init                               0x080017de   Section        0  gd32f10x_spi.o(i.spi_init)
    i.system_clock_96m_hxtal                 0x08001810   Section        0  system_gd32f10x.o(i.system_clock_96m_hxtal)
    system_clock_96m_hxtal                   0x08001811   Thumb Code   182  system_gd32f10x.o(i.system_clock_96m_hxtal)
    i.system_clock_config                    0x080018d4   Section        0  system_gd32f10x.o(i.system_clock_config)
    system_clock_config                      0x080018d5   Thumb Code     8  system_gd32f10x.o(i.system_clock_config)
    i.systick_config                         0x080018dc   Section        0  systick.o(i.systick_config)
    i.usart_baudrate_set                     0x0800192c   Section        0  gd32f10x_usart.o(i.usart_baudrate_set)
    i.usart_data_receive                     0x080019bc   Section        0  gd32f10x_usart.o(i.usart_data_receive)
    i.usart_data_transmit                    0x080019c6   Section        0  gd32f10x_usart.o(i.usart_data_transmit)
    i.usart_deinit                           0x080019d0   Section        0  gd32f10x_usart.o(i.usart_deinit)
    i.usart_enable                           0x08001a60   Section        0  gd32f10x_usart.o(i.usart_enable)
    i.usart_flag_get                         0x08001a6a   Section        0  gd32f10x_usart.o(i.usart_flag_get)
    i.usart_hardware_flow_cts_config         0x08001a88   Section        0  gd32f10x_usart.o(i.usart_hardware_flow_cts_config)
    i.usart_hardware_flow_rts_config         0x08001a9c   Section        0  gd32f10x_usart.o(i.usart_hardware_flow_rts_config)
    i.usart_interrupt_enable                 0x08001ab0   Section        0  gd32f10x_usart.o(i.usart_interrupt_enable)
    i.usart_interrupt_flag_clear             0x08001aca   Section        0  gd32f10x_usart.o(i.usart_interrupt_flag_clear)
    i.usart_interrupt_flag_get               0x08001adc   Section        0  gd32f10x_usart.o(i.usart_interrupt_flag_get)
    i.usart_parity_config                    0x08001b14   Section        0  gd32f10x_usart.o(i.usart_parity_config)
    i.usart_receive_config                   0x08001b24   Section        0  gd32f10x_usart.o(i.usart_receive_config)
    i.usart_stop_bit_set                     0x08001b34   Section        0  gd32f10x_usart.o(i.usart_stop_bit_set)
    i.usart_transmit_config                  0x08001b44   Section        0  gd32f10x_usart.o(i.usart_transmit_config)
    i.usart_word_length_set                  0x08001b54   Section        0  gd32f10x_usart.o(i.usart_word_length_set)
    i.usb_ctl_status_in                      0x08001b64   Section        0  usbd_transc.o(i.usb_ctl_status_in)
    usb_ctl_status_in                        0x08001b65   Thumb Code    24  usbd_transc.o(i.usb_ctl_status_in)
    i.usb_stall_transc                       0x08001b7c   Section        0  usbd_transc.o(i.usb_stall_transc)
    usb_stall_transc                         0x08001b7d   Thumb Code    22  usbd_transc.o(i.usb_stall_transc)
    i.usb_transc_config                      0x08001b92   Section        0  usbd_core.o(i.usb_transc_config)
    usb_transc_config                        0x08001b93   Thumb Code     8  usbd_core.o(i.usb_transc_config)
    i.usb_transc_config                      0x08001b9a   Section        0  usbd_enum.o(i.usb_transc_config)
    usb_transc_config                        0x08001b9b   Thumb Code     8  usbd_enum.o(i.usb_transc_config)
    i.usb_transc_config                      0x08001ba2   Section        0  standard_winusb_core.o(i.usb_transc_config)
    usb_transc_config                        0x08001ba3   Thumb Code     8  standard_winusb_core.o(i.usb_transc_config)
    i.usbd_address_set                       0x08001bac   Section        0  usbd_lld_core.o(i.usbd_address_set)
    usbd_address_set                         0x08001bad   Thumb Code    12  usbd_lld_core.o(i.usbd_address_set)
    i.usbd_class_request                     0x08001bbc   Section        0  usbd_enum.o(i.usbd_class_request)
    i.usbd_core_reset                        0x08001be0   Section        0  usbd_lld_core.o(i.usbd_core_reset)
    usbd_core_reset                          0x08001be1   Thumb Code    34  usbd_lld_core.o(i.usbd_core_reset)
    i.usbd_core_stop                         0x08001c08   Section        0  usbd_lld_core.o(i.usbd_core_stop)
    usbd_core_stop                           0x08001c09   Thumb Code    20  usbd_lld_core.o(i.usbd_core_stop)
    i.usbd_dp_pullup                         0x08001c20   Section        0  usbd_lld_core.o(i.usbd_dp_pullup)
    usbd_dp_pullup                           0x08001c21   Thumb Code    30  usbd_lld_core.o(i.usbd_dp_pullup)
    i.usbd_ep_data_read                      0x08001c44   Section        0  usbd_lld_core.o(i.usbd_ep_data_read)
    usbd_ep_data_read                        0x08001c45   Thumb Code   148  usbd_lld_core.o(i.usbd_ep_data_read)
    i.usbd_ep_data_write                     0x08001ce4   Section        0  usbd_lld_core.o(i.usbd_ep_data_write)
    usbd_ep_data_write                       0x08001ce5   Thumb Code    84  usbd_lld_core.o(i.usbd_ep_data_write)
    i.usbd_ep_deinit                         0x08001d44   Section        0  standard_winusb_core.o(i.usbd_ep_deinit)
    usbd_ep_deinit                           0x08001d45   Thumb Code    20  standard_winusb_core.o(i.usbd_ep_deinit)
    i.usbd_ep_disable                        0x08001d58   Section        0  usbd_lld_core.o(i.usbd_ep_disable)
    usbd_ep_disable                          0x08001d59   Thumb Code   178  usbd_lld_core.o(i.usbd_ep_disable)
    i.usbd_ep_init                           0x08001e10   Section        0  standard_winusb_core.o(i.usbd_ep_init)
    usbd_ep_init                             0x08001e11   Thumb Code    34  standard_winusb_core.o(i.usbd_ep_init)
    i.usbd_ep_recev                          0x08001e32   Section        0  usbd_core.o(i.usbd_ep_recev)
    i.usbd_ep_reset                          0x08001e6c   Section        0  usbd_lld_core.o(i.usbd_ep_reset)
    usbd_ep_reset                            0x08001e6d   Thumb Code   142  usbd_lld_core.o(i.usbd_ep_reset)
    i.usbd_ep_rx_enable                      0x08001f08   Section        0  usbd_lld_core.o(i.usbd_ep_rx_enable)
    usbd_ep_rx_enable                        0x08001f09   Thumb Code    42  usbd_lld_core.o(i.usbd_ep_rx_enable)
    i.usbd_ep_send                           0x08001f38   Section        0  usbd_core.o(i.usbd_ep_send)
    i.usbd_ep_setup                          0x08001f88   Section        0  usbd_lld_core.o(i.usbd_ep_setup)
    usbd_ep_setup                            0x08001f89   Thumb Code   620  usbd_lld_core.o(i.usbd_ep_setup)
    i.usbd_ep_stall_clear                    0x08002200   Section        0  usbd_lld_core.o(i.usbd_ep_stall_clear)
    usbd_ep_stall_clear                      0x08002201   Thumb Code   244  usbd_lld_core.o(i.usbd_ep_stall_clear)
    i.usbd_ep_stall_set                      0x080022f8   Section        0  usbd_lld_core.o(i.usbd_ep_stall_set)
    usbd_ep_stall_set                        0x080022f9   Thumb Code   156  usbd_lld_core.o(i.usbd_ep_stall_set)
    i.usbd_ep_status                         0x0800239c   Section        0  usbd_lld_core.o(i.usbd_ep_status)
    usbd_ep_status                           0x0800239d   Thumb Code    32  usbd_lld_core.o(i.usbd_ep_status)
    i.usbd_ep_status_get                     0x080023c0   Section        0  usbd_lld_core.o(i.usbd_ep_status_get)
    usbd_ep_status_get                       0x080023c1   Thumb Code    20  usbd_lld_core.o(i.usbd_ep_status_get)
    i.usbd_ep_status_get                     0x080023d4   Section        0  usbd_enum.o(i.usbd_ep_status_get)
    usbd_ep_status_get                       0x080023d5   Thumb Code    20  usbd_enum.o(i.usbd_ep_status_get)
    i.usbd_init                              0x080023e8   Section        0  usbd_core.o(i.usbd_init)
    i.usbd_int_suspend                       0x0800245c   Section        0  usbd_lld_int.o(i.usbd_int_suspend)
    usbd_int_suspend                         0x0800245d   Thumb Code    36  usbd_lld_int.o(i.usbd_int_suspend)
    i.usbd_isr                               0x08002480   Section        0  usbd_lld_int.o(i.usbd_isr)
    i.usbd_leave_suspend                     0x0800270c   Section        0  usbd_lld_core.o(i.usbd_leave_suspend)
    usbd_leave_suspend                       0x0800270d   Thumb Code    24  usbd_lld_core.o(i.usbd_leave_suspend)
    i.usbd_resume                            0x08002728   Section        0  usbd_lld_core.o(i.usbd_resume)
    usbd_resume                              0x08002729   Thumb Code    24  usbd_lld_core.o(i.usbd_resume)
    i.usbd_standard_request                  0x08002748   Section        0  usbd_enum.o(i.usbd_standard_request)
    i.usbd_suspend                           0x08002764   Section        0  usbd_lld_core.o(i.usbd_suspend)
    usbd_suspend                             0x08002765   Thumb Code    14  usbd_lld_core.o(i.usbd_suspend)
    i.usbd_vendor_request                    0x08002778   Section        0  usbd_enum.o(i.usbd_vendor_request)
    i.winusb_check_ready                     0x0800278c   Section        0  standard_winusb_core.o(i.winusb_check_ready)
    i.winusb_ctlx_out                        0x080027ae   Section        0  standard_winusb_core.o(i.winusb_ctlx_out)
    winusb_ctlx_out                          0x080027af   Thumb Code    16  standard_winusb_core.o(i.winusb_ctlx_out)
    i.winusb_data_in                         0x080027be   Section        0  standard_winusb_core.o(i.winusb_data_in)
    winusb_data_in                           0x080027bf   Thumb Code    58  standard_winusb_core.o(i.winusb_data_in)
    i.winusb_data_out                        0x080027f8   Section        0  standard_winusb_core.o(i.winusb_data_out)
    winusb_data_out                          0x080027f9   Thumb Code    30  standard_winusb_core.o(i.winusb_data_out)
    i.winusb_data_receive                    0x08002816   Section        0  standard_winusb_core.o(i.winusb_data_receive)
    i.winusb_data_send                       0x08002832   Section        0  standard_winusb_core.o(i.winusb_data_send)
    i.winusb_deinit                          0x0800285e   Section        0  standard_winusb_core.o(i.winusb_deinit)
    winusb_deinit                            0x0800285f   Thumb Code    26  standard_winusb_core.o(i.winusb_deinit)
    i.winusb_init                            0x08002878   Section        0  standard_winusb_core.o(i.winusb_init)
    winusb_init                              0x08002879   Thumb Code    74  standard_winusb_core.o(i.winusb_init)
    i.winusb_req_handler                     0x080028d0   Section        0  standard_winusb_core.o(i.winusb_req_handler)
    winusb_req_handler                       0x080028d1   Thumb Code   140  standard_winusb_core.o(i.winusb_req_handler)
    .constdata                               0x08002968   Section       16  usbd_lld_core.o(.constdata)
    ep_type                                  0x08002968   Data          16  usbd_lld_core.o(.constdata)
    .constdata                               0x08002978   Section      200  standard_winusb_core.o(.constdata)
    .data                                    0x20000000   Section        4  system_gd32f10x.o(.data)
    .data                                    0x20000004   Section        8  gd32f10x_it.o(.data)
    Ticknum                                  0x20000004   Data           2  gd32f10x_it.o(.data)
    keytick                                  0x20000008   Data           4  gd32f10x_it.o(.data)
    .data                                    0x2000000c   Section        4  systick.o(.data)
    delay                                    0x2000000c   Data           4  systick.o(.data)
    .data                                    0x20000010   Section       28  usbd.o(.data)
    desc                                     0x20000010   Data           4  usbd.o(.data)
    class                                    0x20000014   Data           4  usbd.o(.data)
    winusb                                   0x20000018   Data           4  usbd.o(.data)
    flag                                     0x2000001c   Data           1  usbd.o(.data)
    pack_coumt                               0x20000020   Data           4  usbd.o(.data)
    usbd_info                                0x20000024   Data           8  usbd.o(.data)
    .data                                    0x2000002c   Section        1  key.o(.data)
    key_status                               0x2000002c   Data           1  key.o(.data)
    .data                                    0x20000030   Section       76  usbd_lld_core.o(.data)
    .data                                    0x2000007c   Section        4  usbd_core.o(.data)
    .data                                    0x20000080   Section       67  usbd_enum.o(.data)
    _std_dev_req                             0x20000080   Data          52  usbd_enum.o(.data)
    std_desc_get                             0x200000b4   Data          12  usbd_enum.o(.data)
    status                                   0x200000c0   Data           2  usbd_enum.o(.data)
    config                                   0x200000c2   Data           1  usbd_enum.o(.data)
    .data                                    0x200000c4   Section      508  standard_winusb_core.o(.data)
    usbd_language_id_desc                    0x200000f6   Data           4  standard_winusb_core.o(.data)
    manufacturer_string                      0x200000fa   Data         130  standard_winusb_core.o(.data)
    product_string                           0x2000017c   Data         130  standard_winusb_core.o(.data)
    serial_string                            0x200001fe   Data         130  standard_winusb_core.o(.data)
    usbd_winusb_strings                      0x20000280   Data          16  standard_winusb_core.o(.data)
    .data                                    0x200002c0   Section        4  stdout.o(.data)
    .bss                                     0x200002c4   Section      516  usart.o(.bss)
    .bss                                     0x200004c8   Section      156  usbd.o(.bss)
    usbd_cdc                                 0x200004c8   Data         156  usbd.o(.bss)
    .bss                                     0x20000564   Section       78  standard_winusb_core.o(.bss)
    winusb_handler                           0x20000564   Data          78  standard_winusb_core.o(.bss)
    STACK                                    0x200005b8   Section     1024  startup_gd32f10x_md.o(STACK)
    .ARM.__AT_0x40006000                     0x40006000   Section       48  usbd_lld_core.o(.ARM.__AT_0x40006000)
    btable_ep                                0x40006000   Data          48  usbd_lld_core.o(.ARM.__AT_0x40006000)

    Global Symbols

    Symbol Name                              Value     Ov Type        Size  Object(Section)

    BuildAttributes$$THM_ISAv4$P$D$K$B$S$PE$A:L22UL41UL21$X:L11$S22US41US21$IEEE1$IW$USESV6$~STKCKD$USESV7$~SHL$OSPACE$ROPI$EBA8$MICROLIB$REQ8$PRES8$EABIv2 0x00000000   Number         0  anon$$obj.o ABSOLUTE
    __ARM_use_no_argv                        0x00000000   Number         0  main.o ABSOLUTE
    _printf_a                                0x00000000   Number         0  stubs.o ABSOLUTE
    _printf_c                                0x00000000   Number         0  stubs.o ABSOLUTE
    _printf_charcount                        0x00000000   Number         0  stubs.o ABSOLUTE
    _printf_d                                0x00000000   Number         0  stubs.o ABSOLUTE
    _printf_e                                0x00000000   Number         0  stubs.o ABSOLUTE
    _printf_f                                0x00000000   Number         0  stubs.o ABSOLUTE
    _printf_flags                            0x00000000   Number         0  stubs.o ABSOLUTE
    _printf_fp_dec                           0x00000000   Number         0  stubs.o ABSOLUTE
    _printf_fp_hex                           0x00000000   Number         0  stubs.o ABSOLUTE
    _printf_g                                0x00000000   Number         0  stubs.o ABSOLUTE
    _printf_i                                0x00000000   Number         0  stubs.o ABSOLUTE
    _printf_int_dec                          0x00000000   Number         0  stubs.o ABSOLUTE
    _printf_l                                0x00000000   Number         0  stubs.o ABSOLUTE
    _printf_lc                               0x00000000   Number         0  stubs.o ABSOLUTE
    _printf_ll                               0x00000000   Number         0  stubs.o ABSOLUTE
    _printf_lld                              0x00000000   Number         0  stubs.o ABSOLUTE
    _printf_lli                              0x00000000   Number         0  stubs.o ABSOLUTE
    _printf_llo                              0x00000000   Number         0  stubs.o ABSOLUTE
    _printf_llu                              0x00000000   Number         0  stubs.o ABSOLUTE
    _printf_llx                              0x00000000   Number         0  stubs.o ABSOLUTE
    _printf_longlong_dec                     0x00000000   Number         0  stubs.o ABSOLUTE
    _printf_longlong_hex                     0x00000000   Number         0  stubs.o ABSOLUTE
    _printf_longlong_oct                     0x00000000   Number         0  stubs.o ABSOLUTE
    _printf_ls                               0x00000000   Number         0  stubs.o ABSOLUTE
    _printf_mbtowc                           0x00000000   Number         0  stubs.o ABSOLUTE
    _printf_n                                0x00000000   Number         0  stubs.o ABSOLUTE
    _printf_o                                0x00000000   Number         0  stubs.o ABSOLUTE
    _printf_p                                0x00000000   Number         0  stubs.o ABSOLUTE
    _printf_percent                          0x00000000   Number         0  stubs.o ABSOLUTE
    _printf_pre_padding                      0x00000000   Number         0  stubs.o ABSOLUTE
    _printf_return_value                     0x00000000   Number         0  stubs.o ABSOLUTE
    _printf_s                                0x00000000   Number         0  stubs.o ABSOLUTE
    _printf_sizespec                         0x00000000   Number         0  stubs.o ABSOLUTE
    _printf_str                              0x00000000   Number         0  stubs.o ABSOLUTE
    _printf_truncate_signed                  0x00000000   Number         0  stubs.o ABSOLUTE
    _printf_truncate_unsigned                0x00000000   Number         0  stubs.o ABSOLUTE
    _printf_u                                0x00000000   Number         0  stubs.o ABSOLUTE
    _printf_wc                               0x00000000   Number         0  stubs.o ABSOLUTE
    _printf_wctomb                           0x00000000   Number         0  stubs.o ABSOLUTE
    _printf_widthprec                        0x00000000   Number         0  stubs.o ABSOLUTE
    _printf_x                                0x00000000   Number         0  stubs.o ABSOLUTE
    __arm_fini_                               - Undefined Weak Reference
    __cpp_initialize__aeabi_                  - Undefined Weak Reference
    __cxa_finalize                            - Undefined Weak Reference
    _clock_init                               - Undefined Weak Reference
    _microlib_exit                            - Undefined Weak Reference
    __Vectors_Size                           0x00000104   Number         0  startup_gd32f10x_md.o ABSOLUTE
    __Vectors                                0x08000000   Data           4  startup_gd32f10x_md.o(RESET)
    __Vectors_End                            0x08000104   Data           0  startup_gd32f10x_md.o(RESET)
    __main                                   0x08000105   Thumb Code     0  entry.o(.ARM.Collect$$$$00000000)
    _main_stk                                0x08000105   Thumb Code     0  entry2.o(.ARM.Collect$$$$00000001)
    _main_scatterload                        0x08000109   Thumb Code     0  entry5.o(.ARM.Collect$$$$00000004)
    __main_after_scatterload                 0x0800010d   Thumb Code     0  entry5.o(.ARM.Collect$$$$00000004)
    _main_clock                              0x0800010d   Thumb Code     0  entry7b.o(.ARM.Collect$$$$00000008)
    _main_cpp_init                           0x0800010d   Thumb Code     0  entry8b.o(.ARM.Collect$$$$0000000A)
    _main_init                               0x0800010d   Thumb Code     0  entry9a.o(.ARM.Collect$$$$0000000B)
    __rt_lib_shutdown_fini                   0x08000115   Thumb Code     0  entry12b.o(.ARM.Collect$$$$0000000E)
    __rt_final_cpp                           0x08000119   Thumb Code     0  entry10a.o(.ARM.Collect$$$$0000000F)
    __rt_final_exit                          0x08000119   Thumb Code     0  entry11a.o(.ARM.Collect$$$$00000011)
    Reset_Handler                            0x0800011d   Thumb Code     8  startup_gd32f10x_md.o(.text)
    ADC0_1_IRQHandler                        0x08000137   Thumb Code     0  startup_gd32f10x_md.o(.text)
    CAN0_EWMC_IRQHandler                     0x08000137   Thumb Code     0  startup_gd32f10x_md.o(.text)
    CAN0_RX1_IRQHandler                      0x08000137   Thumb Code     0  startup_gd32f10x_md.o(.text)
    DMA0_Channel0_IRQHandler                 0x08000137   Thumb Code     0  startup_gd32f10x_md.o(.text)
    DMA0_Channel1_IRQHandler                 0x08000137   Thumb Code     0  startup_gd32f10x_md.o(.text)
    DMA0_Channel2_IRQHandler                 0x08000137   Thumb Code     0  startup_gd32f10x_md.o(.text)
    DMA0_Channel3_IRQHandler                 0x08000137   Thumb Code     0  startup_gd32f10x_md.o(.text)
    DMA0_Channel4_IRQHandler                 0x08000137   Thumb Code     0  startup_gd32f10x_md.o(.text)
    DMA0_Channel5_IRQHandler                 0x08000137   Thumb Code     0  startup_gd32f10x_md.o(.text)
    DMA0_Channel6_IRQHandler                 0x08000137   Thumb Code     0  startup_gd32f10x_md.o(.text)
    EXMC_IRQHandler                          0x08000137   Thumb Code     0  startup_gd32f10x_md.o(.text)
    EXTI0_IRQHandler                         0x08000137   Thumb Code     0  startup_gd32f10x_md.o(.text)
    EXTI10_15_IRQHandler                     0x08000137   Thumb Code     0  startup_gd32f10x_md.o(.text)
    EXTI1_IRQHandler                         0x08000137   Thumb Code     0  startup_gd32f10x_md.o(.text)
    EXTI2_IRQHandler                         0x08000137   Thumb Code     0  startup_gd32f10x_md.o(.text)
    EXTI3_IRQHandler                         0x08000137   Thumb Code     0  startup_gd32f10x_md.o(.text)
    EXTI4_IRQHandler                         0x08000137   Thumb Code     0  startup_gd32f10x_md.o(.text)
    EXTI5_9_IRQHandler                       0x08000137   Thumb Code     0  startup_gd32f10x_md.o(.text)
    FMC_IRQHandler                           0x08000137   Thumb Code     0  startup_gd32f10x_md.o(.text)
    I2C0_ER_IRQHandler                       0x08000137   Thumb Code     0  startup_gd32f10x_md.o(.text)
    I2C0_EV_IRQHandler                       0x08000137   Thumb Code     0  startup_gd32f10x_md.o(.text)
    I2C1_ER_IRQHandler                       0x08000137   Thumb Code     0  startup_gd32f10x_md.o(.text)
    I2C1_EV_IRQHandler                       0x08000137   Thumb Code     0  startup_gd32f10x_md.o(.text)
    LVD_IRQHandler                           0x08000137   Thumb Code     0  startup_gd32f10x_md.o(.text)
    RCU_IRQHandler                           0x08000137   Thumb Code     0  startup_gd32f10x_md.o(.text)
    RTC_Alarm_IRQHandler                     0x08000137   Thumb Code     0  startup_gd32f10x_md.o(.text)
    RTC_IRQHandler                           0x08000137   Thumb Code     0  startup_gd32f10x_md.o(.text)
    SPI0_IRQHandler                          0x08000137   Thumb Code     0  startup_gd32f10x_md.o(.text)
    SPI1_IRQHandler                          0x08000137   Thumb Code     0  startup_gd32f10x_md.o(.text)
    TAMPER_IRQHandler                        0x08000137   Thumb Code     0  startup_gd32f10x_md.o(.text)
    TIMER0_BRK_IRQHandler                    0x08000137   Thumb Code     0  startup_gd32f10x_md.o(.text)
    TIMER0_Channel_IRQHandler                0x08000137   Thumb Code     0  startup_gd32f10x_md.o(.text)
    TIMER0_TRG_CMT_IRQHandler                0x08000137   Thumb Code     0  startup_gd32f10x_md.o(.text)
    TIMER0_UP_IRQHandler                     0x08000137   Thumb Code     0  startup_gd32f10x_md.o(.text)
    TIMER1_IRQHandler                        0x08000137   Thumb Code     0  startup_gd32f10x_md.o(.text)
    TIMER2_IRQHandler                        0x08000137   Thumb Code     0  startup_gd32f10x_md.o(.text)
    TIMER3_IRQHandler                        0x08000137   Thumb Code     0  startup_gd32f10x_md.o(.text)
    USART1_IRQHandler                        0x08000137   Thumb Code     0  startup_gd32f10x_md.o(.text)
    USART2_IRQHandler                        0x08000137   Thumb Code     0  startup_gd32f10x_md.o(.text)
    USBD_HP_CAN0_TX_IRQHandler               0x08000137   Thumb Code     0  startup_gd32f10x_md.o(.text)
    USBD_WKUP_IRQHandler                     0x08000137   Thumb Code     0  startup_gd32f10x_md.o(.text)
    WWDGT_IRQHandler                         0x08000137   Thumb Code     0  startup_gd32f10x_md.o(.text)
    __aeabi_uldivmod                         0x08000141   Thumb Code    98  uldiv.o(.text)
    __scatterload                            0x080001a5   Thumb Code    28  init.o(.text)
    __scatterload_rt2                        0x080001a5   Thumb Code     0  init.o(.text)
    __aeabi_llsl                             0x080001c9   Thumb Code    30  llshl.o(.text)
    _ll_shift_l                              0x080001c9   Thumb Code     0  llshl.o(.text)
    __aeabi_llsr                             0x080001e7   Thumb Code    32  llushr.o(.text)
    _ll_ushift_r                             0x080001e7   Thumb Code     0  llushr.o(.text)
    __decompress                             0x08000207   Thumb Code     0  __dczerorl2.o(.text)
    __decompress1                            0x08000207   Thumb Code    86  __dczerorl2.o(.text)
    BusFault_Handler                         0x0800025d   Thumb Code     4  gd32f10x_it.o(i.BusFault_Handler)
    DebugMon_Handler                         0x08000261   Thumb Code     4  gd32f10x_it.o(i.DebugMon_Handler)
    HardFault_Handler                        0x080002e1   Thumb Code     4  gd32f10x_it.o(i.HardFault_Handler)
    Key_Init                                 0x080002e5   Thumb Code    24  key.o(i.Key_Init)
    Key_set_status                           0x08000301   Thumb Code     6  key.o(i.Key_set_status)
    LED_Init                                 0x0800030d   Thumb Code    76  led.o(i.LED_Init)
    MemManage_Handler                        0x08000361   Thumb Code     4  gd32f10x_it.o(i.MemManage_Handler)
    NMI_Handler                              0x08000365   Thumb Code     4  gd32f10x_it.o(i.NMI_Handler)
    PendSV_Handler                           0x08000391   Thumb Code     4  gd32f10x_it.o(i.PendSV_Handler)
    SPI_Init                                 0x08000395   Thumb Code   114  spi.o(i.SPI_Init)
    SVC_Handler                              0x08000411   Thumb Code     4  gd32f10x_it.o(i.SVC_Handler)
    SysTick_Handler                          0x08000415   Thumb Code   156  gd32f10x_it.o(i.SysTick_Handler)
    SystemInit                               0x080004c5   Thumb Code   196  system_gd32f10x.o(i.SystemInit)
    USART0_IRQHandler                        0x08000599   Thumb Code   140  usart.o(i.USART0_IRQHandler)
    USART0_Init                              0x0800064d   Thumb Code   166  usart.o(i.USART0_Init)
    USBD_Init                                0x080006fd   Thumb Code   136  usbd.o(i.USBD_Init)
    USBD_Kernel                              0x080007a5   Thumb Code   106  usbd.o(i.USBD_Kernel)
    USBD_LP_CAN0_RX0_IRQHandler              0x08000825   Thumb Code     8  usbd.o(i.USBD_LP_CAN0_RX0_IRQHandler)
    UsageFault_Handler                       0x0800082d   Thumb Code     4  gd32f10x_it.o(i.UsageFault_Handler)
    __0printf$8                              0x08000831   Thumb Code    22  printf8.o(i.__0printf$8)
    __1printf$8                              0x08000831   Thumb Code     0  printf8.o(i.__0printf$8)
    __2printf                                0x08000831   Thumb Code     0  printf8.o(i.__0printf$8)
    __scatterload_copy                       0x08000851   Thumb Code    14  handlers.o(i.__scatterload_copy)
    __scatterload_null                       0x0800085f   Thumb Code     2  handlers.o(i.__scatterload_null)
    __scatterload_zeroinit                   0x08000861   Thumb Code    14  handlers.o(i.__scatterload_zeroinit)
    _usb_in0_transc                          0x08000d2b   Thumb Code   114  usbd_transc.o(i._usb_in0_transc)
    _usb_out0_transc                         0x08000d9d   Thumb Code    86  usbd_transc.o(i._usb_out0_transc)
    _usb_setup_transc                        0x08000df3   Thumb Code   186  usbd_transc.o(i._usb_setup_transc)
    delay_decrement                          0x08001365   Thumb Code    18  systick.o(i.delay_decrement)
    fputc                                    0x0800137d   Thumb Code    42  usart.o(i.fputc)
    gpio_bit_reset                           0x080013b1   Thumb Code     4  gd32f10x_gpio.o(i.gpio_bit_reset)
    gpio_bit_set                             0x080013b5   Thumb Code     4  gd32f10x_gpio.o(i.gpio_bit_set)
    gpio_init                                0x080013b9   Thumb Code   172  gd32f10x_gpio.o(i.gpio_init)
    gpio_input_bit_get                       0x08001465   Thumb Code    16  gd32f10x_gpio.o(i.gpio_input_bit_get)
    main                                     0x080014b5   Thumb Code    46  main.o(i.main)
    nvic_irq_enable                          0x080014fd   Thumb Code   162  gd32f10x_misc.o(i.nvic_irq_enable)
    nvic_priority_group_set                  0x080015a9   Thumb Code    10  gd32f10x_misc.o(i.nvic_priority_group_set)
    nvic_vector_table_set                    0x080015bd   Thumb Code    16  gd32f10x_misc.o(i.nvic_vector_table_set)
    rcu_all_reset_flag_clear                 0x080015d5   Thumb Code    14  gd32f10x_rcu.o(i.rcu_all_reset_flag_clear)
    rcu_clock_freq_get                       0x080015e9   Thumb Code   264  gd32f10x_rcu.o(i.rcu_clock_freq_get)
    rcu_periph_clock_enable                  0x0800170d   Thumb Code    28  gd32f10x_rcu.o(i.rcu_periph_clock_enable)
    rcu_periph_reset_disable                 0x0800172d   Thumb Code    28  gd32f10x_rcu.o(i.rcu_periph_reset_disable)
    rcu_periph_reset_enable                  0x0800174d   Thumb Code    28  gd32f10x_rcu.o(i.rcu_periph_reset_enable)
    rcu_usb_clock_config                     0x0800176d   Thumb Code    18  gd32f10x_rcu.o(i.rcu_usb_clock_config)
    serial_string_get                        0x08001785   Thumb Code    70  usbd_enum.o(i.serial_string_get)
    spi_enable                               0x080017d5   Thumb Code    10  gd32f10x_spi.o(i.spi_enable)
    spi_init                                 0x080017df   Thumb Code    50  gd32f10x_spi.o(i.spi_init)
    systick_config                           0x080018dd   Thumb Code    74  systick.o(i.systick_config)
    usart_baudrate_set                       0x0800192d   Thumb Code   136  gd32f10x_usart.o(i.usart_baudrate_set)
    usart_data_receive                       0x080019bd   Thumb Code    10  gd32f10x_usart.o(i.usart_data_receive)
    usart_data_transmit                      0x080019c7   Thumb Code     8  gd32f10x_usart.o(i.usart_data_transmit)
    usart_deinit                             0x080019d1   Thumb Code   136  gd32f10x_usart.o(i.usart_deinit)
    usart_enable                             0x08001a61   Thumb Code    10  gd32f10x_usart.o(i.usart_enable)
    usart_flag_get                           0x08001a6b   Thumb Code    30  gd32f10x_usart.o(i.usart_flag_get)
    usart_hardware_flow_cts_config           0x08001a89   Thumb Code    20  gd32f10x_usart.o(i.usart_hardware_flow_cts_config)
    usart_hardware_flow_rts_config           0x08001a9d   Thumb Code    20  gd32f10x_usart.o(i.usart_hardware_flow_rts_config)
    usart_interrupt_enable                   0x08001ab1   Thumb Code    26  gd32f10x_usart.o(i.usart_interrupt_enable)
    usart_interrupt_flag_clear               0x08001acb   Thumb Code    18  gd32f10x_usart.o(i.usart_interrupt_flag_clear)
    usart_interrupt_flag_get                 0x08001add   Thumb Code    56  gd32f10x_usart.o(i.usart_interrupt_flag_get)
    usart_parity_config                      0x08001b15   Thumb Code    16  gd32f10x_usart.o(i.usart_parity_config)
    usart_receive_config                     0x08001b25   Thumb Code    16  gd32f10x_usart.o(i.usart_receive_config)
    usart_stop_bit_set                       0x08001b35   Thumb Code    16  gd32f10x_usart.o(i.usart_stop_bit_set)
    usart_transmit_config                    0x08001b45   Thumb Code    16  gd32f10x_usart.o(i.usart_transmit_config)
    usart_word_length_set                    0x08001b55   Thumb Code    16  gd32f10x_usart.o(i.usart_word_length_set)
    usbd_class_request                       0x08001bbd   Thumb Code    34  usbd_enum.o(i.usbd_class_request)
    usbd_ep_recev                            0x08001e33   Thumb Code    56  usbd_core.o(i.usbd_ep_recev)
    usbd_ep_send                             0x08001f39   Thumb Code    78  usbd_core.o(i.usbd_ep_send)
    usbd_init                                0x080023e9   Thumb Code    96  usbd_core.o(i.usbd_init)
    usbd_isr                                 0x08002481   Thumb Code   634  usbd_lld_int.o(i.usbd_isr)
    usbd_standard_request                    0x08002749   Thumb Code    22  usbd_enum.o(i.usbd_standard_request)
    usbd_vendor_request                      0x08002779   Thumb Code    20  usbd_enum.o(i.usbd_vendor_request)
    winusb_check_ready                       0x0800278d   Thumb Code    34  standard_winusb_core.o(i.winusb_check_ready)
    winusb_data_receive                      0x08002817   Thumb Code    28  standard_winusb_core.o(i.winusb_data_receive)
    winusb_data_send                         0x08002833   Thumb Code    44  standard_winusb_core.o(i.winusb_data_send)
    winusb_os_string                         0x08002978   Data          18  standard_winusb_core.o(.constdata)
    bosfeature_desc                          0x0800298a   Data          40  standard_winusb_core.o(.constdata)
    bosproperty_desc                         0x080029b2   Data         142  standard_winusb_core.o(.constdata)
    Region$$Table$$Base                      0x08002a40   Number         0  anon$$obj.o(Region$$Table)
    Region$$Table$$Limit                     0x08002a60   Number         0  anon$$obj.o(Region$$Table)
    SystemCoreClock                          0x20000000   Data           4  system_gd32f10x.o(.data)
    usbd_core                                0x20000030   Data           8  usbd_lld_core.o(.data)
    user_ep                                  0x20000038   Data           4  usbd_lld_core.o(.data)
    usbd_drv_handler                         0x2000003c   Data          64  usbd_lld_core.o(.data)
    usbd_int_fops                            0x2000007c   Data           4  usbd_core.o(.data)
    winusb_dev_desc                          0x200000c4   Data          18  standard_winusb_core.o(.data)
    winusb_config_desc                       0x200000d6   Data          32  standard_winusb_core.o(.data)
    winusb_desc                              0x20000290   Data          16  standard_winusb_core.o(.data)
    winusb_class                             0x200002a0   Data          32  standard_winusb_core.o(.data)
    __stdout                                 0x200002c0   Data           4  stdout.o(.data)
    USART0_INFO                              0x200002c4   Data         516  usart.o(.bss)
    __initial_sp                             0x200009b8   Data           0  startup_gd32f10x_md.o(STACK)



==============================================================================

Memory Map of the image

  Image Entry point : 0x08000105

  Load Region LR_IROM1 (Base: 0x08000000, Size: 0x00002d24, Max: 0x00010000, ABSOLUTE, COMPRESSED[0x00002b70])

    Execution Region ER_IROM1 (Exec base: 0x08000000, Load base: 0x08000000, Size: 0x00002a60, Max: 0x00010000, ABSOLUTE)

    Exec Addr    Load Addr    Size         Type   Attr      Idx    E Section Name        Object

    0x08000000   0x08000000   0x00000104   Data   RO            3    RESET               startup_gd32f10x_md.o
    0x08000104   0x08000104   0x00000000   Code   RO         4709  * .ARM.Collect$$$$00000000  mc_w.l(entry.o)
    0x08000104   0x08000104   0x00000004   Code   RO         4973    .ARM.Collect$$$$00000001  mc_w.l(entry2.o)
    0x08000108   0x08000108   0x00000004   Code   RO         4976    .ARM.Collect$$$$00000004  mc_w.l(entry5.o)
    0x0800010c   0x0800010c   0x00000000   Code   RO         4978    .ARM.Collect$$$$00000008  mc_w.l(entry7b.o)
    0x0800010c   0x0800010c   0x00000000   Code   RO         4980    .ARM.Collect$$$$0000000A  mc_w.l(entry8b.o)
    0x0800010c   0x0800010c   0x00000008   Code   RO         4981    .ARM.Collect$$$$0000000B  mc_w.l(entry9a.o)
    0x08000114   0x08000114   0x00000004   Code   RO         4988    .ARM.Collect$$$$0000000E  mc_w.l(entry12b.o)
    0x08000118   0x08000118   0x00000000   Code   RO         4983    .ARM.Collect$$$$0000000F  mc_w.l(entry10a.o)
    0x08000118   0x08000118   0x00000000   Code   RO         4985    .ARM.Collect$$$$00000011  mc_w.l(entry11a.o)
    0x08000118   0x08000118   0x00000004   Code   RO         4974    .ARM.Collect$$$$00002712  mc_w.l(entry2.o)
    0x0800011c   0x0800011c   0x00000024   Code   RO            4    .text               startup_gd32f10x_md.o
    0x08000140   0x08000140   0x00000062   Code   RO         4992    .text               mc_w.l(uldiv.o)
    0x080001a2   0x080001a2   0x00000002   PAD
    0x080001a4   0x080001a4   0x00000024   Code   RO         5005    .text               mc_w.l(init.o)
    0x080001c8   0x080001c8   0x0000001e   Code   RO         5007    .text               mc_w.l(llshl.o)
    0x080001e6   0x080001e6   0x00000020   Code   RO         5009    .text               mc_w.l(llushr.o)
    0x08000206   0x08000206   0x00000056   Code   RO         5023    .text               mc_w.l(__dczerorl2.o)
    0x0800025c   0x0800025c   0x00000004   Code   RO          205    i.BusFault_Handler  gd32f10x_it.o
    0x08000260   0x08000260   0x00000004   Code   RO          206    i.DebugMon_Handler  gd32f10x_it.o
    0x08000264   0x08000264   0x0000007c   Code   RO          506    i.GetSysemtRest     usbd.o
    0x080002e0   0x080002e0   0x00000004   Code   RO          207    i.HardFault_Handler  gd32f10x_it.o
    0x080002e4   0x080002e4   0x0000001c   Code   RO          582    i.Key_Init          key.o
    0x08000300   0x08000300   0x0000000c   Code   RO          584    i.Key_set_status    key.o
    0x0800030c   0x0800030c   0x00000054   Code   RO          455    i.LED_Init          led.o
    0x08000360   0x08000360   0x00000004   Code   RO          208    i.MemManage_Handler  gd32f10x_it.o
    0x08000364   0x08000364   0x00000004   Code   RO          209    i.NMI_Handler       gd32f10x_it.o
    0x08000368   0x08000368   0x00000028   Code   RO          340    i.NVIC_SetPriority  systick.o
    0x08000390   0x08000390   0x00000004   Code   RO          210    i.PendSV_Handler    gd32f10x_it.o
    0x08000394   0x08000394   0x0000007c   Code   RO          383    i.SPI_Init          spi.o
    0x08000410   0x08000410   0x00000004   Code   RO          211    i.SVC_Handler       gd32f10x_it.o
    0x08000414   0x08000414   0x000000b0   Code   RO          212    i.SysTick_Handler   gd32f10x_it.o
    0x080004c4   0x080004c4   0x000000d4   Code   RO           12    i.SystemInit        system_gd32f10x.o
    0x08000598   0x08000598   0x000000b4   Code   RO          413    i.USART0_IRQHandler  usart.o
    0x0800064c   0x0800064c   0x000000b0   Code   RO          414    i.USART0_Init       usart.o
    0x080006fc   0x080006fc   0x000000a8   Code   RO          507    i.USBD_Init         usbd.o
    0x080007a4   0x080007a4   0x00000080   Code   RO          508    i.USBD_Kernel       usbd.o
    0x08000824   0x08000824   0x00000008   Code   RO          509    i.USBD_LP_CAN0_RX0_IRQHandler  usbd.o
    0x0800082c   0x0800082c   0x00000004   Code   RO          213    i.UsageFault_Handler  gd32f10x_it.o
    0x08000830   0x08000830   0x00000020   Code   RO         4919    i.__0printf$8       mc_w.l(printf8.o)
    0x08000850   0x08000850   0x0000000e   Code   RO         5017    i.__scatterload_copy  mc_w.l(handlers.o)
    0x0800085e   0x0800085e   0x00000002   Code   RO         5018    i.__scatterload_null  mc_w.l(handlers.o)
    0x08000860   0x08000860   0x0000000e   Code   RO         5019    i.__scatterload_zeroinit  mc_w.l(handlers.o)
    0x0800086e   0x0800086e   0x00000002   PAD
    0x08000870   0x08000870   0x00000404   Code   RO         4926    i._printf_core      mc_w.l(printf8.o)
    0x08000c74   0x08000c74   0x00000024   Code   RO         4927    i._printf_post_padding  mc_w.l(printf8.o)
    0x08000c98   0x08000c98   0x0000002e   Code   RO         4928    i._printf_pre_padding  mc_w.l(printf8.o)
    0x08000cc6   0x08000cc6   0x00000030   Code   RO         4368    i._usb_bos_desc_get  usbd_enum.o
    0x08000cf6   0x08000cf6   0x00000020   Code   RO         4369    i._usb_config_desc_get  usbd_enum.o
    0x08000d16   0x08000d16   0x00000014   Code   RO         4370    i._usb_dev_desc_get  usbd_enum.o
    0x08000d2a   0x08000d2a   0x00000072   Code   RO         4536    i._usb_in0_transc   usbd_transc.o
    0x08000d9c   0x08000d9c   0x00000056   Code   RO         4537    i._usb_out0_transc  usbd_transc.o
    0x08000df2   0x08000df2   0x000000ba   Code   RO         4538    i._usb_setup_transc  usbd_transc.o
    0x08000eac   0x08000eac   0x0000008e   Code   RO         4371    i._usb_std_clearfeature  usbd_enum.o
    0x08000f3a   0x08000f3a   0x0000003c   Code   RO         4372    i._usb_std_getconfiguration  usbd_enum.o
    0x08000f76   0x08000f76   0x00000002   PAD
    0x08000f78   0x08000f78   0x00000120   Code   RO         4373    i._usb_std_getdescriptor  usbd_enum.o
    0x08001098   0x08001098   0x0000003e   Code   RO         4374    i._usb_std_getinterface  usbd_enum.o
    0x080010d6   0x080010d6   0x00000002   PAD
    0x080010d8   0x080010d8   0x000000c4   Code   RO         4375    i._usb_std_getstatus  usbd_enum.o
    0x0800119c   0x0800119c   0x00000006   Code   RO         4376    i._usb_std_reserved  usbd_enum.o
    0x080011a2   0x080011a2   0x0000002e   Code   RO         4377    i._usb_std_setaddress  usbd_enum.o
    0x080011d0   0x080011d0   0x000000a4   Code   RO         4378    i._usb_std_setconfiguration  usbd_enum.o
    0x08001274   0x08001274   0x00000006   Code   RO         4379    i._usb_std_setdescriptor  usbd_enum.o
    0x0800127a   0x0800127a   0x0000008e   Code   RO         4380    i._usb_std_setfeature  usbd_enum.o
    0x08001308   0x08001308   0x00000040   Code   RO         4381    i._usb_std_setinterface  usbd_enum.o
    0x08001348   0x08001348   0x00000006   Code   RO         4382    i._usb_std_synchframe  usbd_enum.o
    0x0800134e   0x0800134e   0x00000014   Code   RO         4383    i._usb_str_desc_get  usbd_enum.o
    0x08001362   0x08001362   0x00000002   PAD
    0x08001364   0x08001364   0x00000018   Code   RO          342    i.delay_decrement   systick.o
    0x0800137c   0x0800137c   0x00000034   Code   RO          415    i.fputc             usart.o
    0x080013b0   0x080013b0   0x00000004   Code   RO         2108    i.gpio_bit_reset    gd32f10x_gpio.o
    0x080013b4   0x080013b4   0x00000004   Code   RO         2109    i.gpio_bit_set      gd32f10x_gpio.o
    0x080013b8   0x080013b8   0x000000ac   Code   RO         2116    i.gpio_init         gd32f10x_gpio.o
    0x08001464   0x08001464   0x00000010   Code   RO         2117    i.gpio_input_bit_get  gd32f10x_gpio.o
    0x08001474   0x08001474   0x0000003e   Code   RO         4384    i.int_to_unicode    usbd_enum.o
    0x080014b2   0x080014b2   0x00000002   PAD
    0x080014b4   0x080014b4   0x00000048   Code   RO          140    i.main              main.o
    0x080014fc   0x080014fc   0x000000ac   Code   RO         2424    i.nvic_irq_enable   gd32f10x_misc.o
    0x080015a8   0x080015a8   0x00000014   Code   RO         2425    i.nvic_priority_group_set  gd32f10x_misc.o
    0x080015bc   0x080015bc   0x00000018   Code   RO         2426    i.nvic_vector_table_set  gd32f10x_misc.o
    0x080015d4   0x080015d4   0x00000014   Code   RO         2568    i.rcu_all_reset_flag_clear  gd32f10x_rcu.o
    0x080015e8   0x080015e8   0x00000124   Code   RO         2574    i.rcu_clock_freq_get  gd32f10x_rcu.o
    0x0800170c   0x0800170c   0x00000020   Code   RO         2591    i.rcu_periph_clock_enable  gd32f10x_rcu.o
    0x0800172c   0x0800172c   0x00000020   Code   RO         2594    i.rcu_periph_reset_disable  gd32f10x_rcu.o
    0x0800174c   0x0800174c   0x00000020   Code   RO         2595    i.rcu_periph_reset_enable  gd32f10x_rcu.o
    0x0800176c   0x0800176c   0x00000018   Code   RO         2601    i.rcu_usb_clock_config  gd32f10x_rcu.o
    0x08001784   0x08001784   0x00000050   Code   RO         4385    i.serial_string_get  usbd_enum.o
    0x080017d4   0x080017d4   0x0000000a   Code   RO         3205    i.spi_enable        gd32f10x_spi.o
    0x080017de   0x080017de   0x00000032   Code   RO         3214    i.spi_init          gd32f10x_spi.o
    0x08001810   0x08001810   0x000000c4   Code   RO           13    i.system_clock_96m_hxtal  system_gd32f10x.o
    0x080018d4   0x080018d4   0x00000008   Code   RO           14    i.system_clock_config  system_gd32f10x.o
    0x080018dc   0x080018dc   0x00000050   Code   RO          343    i.systick_config    systick.o
    0x0800192c   0x0800192c   0x00000090   Code   RO         3813    i.usart_baudrate_set  gd32f10x_usart.o
    0x080019bc   0x080019bc   0x0000000a   Code   RO         3814    i.usart_data_receive  gd32f10x_usart.o
    0x080019c6   0x080019c6   0x00000008   Code   RO         3815    i.usart_data_transmit  gd32f10x_usart.o
    0x080019ce   0x080019ce   0x00000002   PAD
    0x080019d0   0x080019d0   0x00000090   Code   RO         3816    i.usart_deinit      gd32f10x_usart.o
    0x08001a60   0x08001a60   0x0000000a   Code   RO         3820    i.usart_enable      gd32f10x_usart.o
    0x08001a6a   0x08001a6a   0x0000001e   Code   RO         3822    i.usart_flag_get    gd32f10x_usart.o
    0x08001a88   0x08001a88   0x00000014   Code   RO         3826    i.usart_hardware_flow_cts_config  gd32f10x_usart.o
    0x08001a9c   0x08001a9c   0x00000014   Code   RO         3827    i.usart_hardware_flow_rts_config  gd32f10x_usart.o
    0x08001ab0   0x08001ab0   0x0000001a   Code   RO         3829    i.usart_interrupt_enable  gd32f10x_usart.o
    0x08001aca   0x08001aca   0x00000012   Code   RO         3830    i.usart_interrupt_flag_clear  gd32f10x_usart.o
    0x08001adc   0x08001adc   0x00000038   Code   RO         3831    i.usart_interrupt_flag_get  gd32f10x_usart.o
    0x08001b14   0x08001b14   0x00000010   Code   RO         3841    i.usart_parity_config  gd32f10x_usart.o
    0x08001b24   0x08001b24   0x00000010   Code   RO         3843    i.usart_receive_config  gd32f10x_usart.o
    0x08001b34   0x08001b34   0x00000010   Code   RO         3849    i.usart_stop_bit_set  gd32f10x_usart.o
    0x08001b44   0x08001b44   0x00000010   Code   RO         3853    i.usart_transmit_config  gd32f10x_usart.o
    0x08001b54   0x08001b54   0x00000010   Code   RO         3854    i.usart_word_length_set  gd32f10x_usart.o
    0x08001b64   0x08001b64   0x00000018   Code   RO         4539    i.usb_ctl_status_in  usbd_transc.o
    0x08001b7c   0x08001b7c   0x00000016   Code   RO         4540    i.usb_stall_transc  usbd_transc.o
    0x08001b92   0x08001b92   0x00000008   Code   RO         4318    i.usb_transc_config  usbd_core.o
    0x08001b9a   0x08001b9a   0x00000008   Code   RO         4386    i.usb_transc_config  usbd_enum.o
    0x08001ba2   0x08001ba2   0x00000008   Code   RO         4619    i.usb_transc_config  standard_winusb_core.o
    0x08001baa   0x08001baa   0x00000002   PAD
    0x08001bac   0x08001bac   0x00000010   Code   RO         4140    i.usbd_address_set  usbd_lld_core.o
    0x08001bbc   0x08001bbc   0x00000022   Code   RO         4387    i.usbd_class_request  usbd_enum.o
    0x08001bde   0x08001bde   0x00000002   PAD
    0x08001be0   0x08001be0   0x00000028   Code   RO         4141    i.usbd_core_reset   usbd_lld_core.o
    0x08001c08   0x08001c08   0x00000018   Code   RO         4142    i.usbd_core_stop    usbd_lld_core.o
    0x08001c20   0x08001c20   0x00000024   Code   RO         4143    i.usbd_dp_pullup    usbd_lld_core.o
    0x08001c44   0x08001c44   0x000000a0   Code   RO         4144    i.usbd_ep_data_read  usbd_lld_core.o
    0x08001ce4   0x08001ce4   0x00000060   Code   RO         4145    i.usbd_ep_data_write  usbd_lld_core.o
    0x08001d44   0x08001d44   0x00000014   Code   RO         4620    i.usbd_ep_deinit    standard_winusb_core.o
    0x08001d58   0x08001d58   0x000000b8   Code   RO         4146    i.usbd_ep_disable   usbd_lld_core.o
    0x08001e10   0x08001e10   0x00000022   Code   RO         4621    i.usbd_ep_init      standard_winusb_core.o
    0x08001e32   0x08001e32   0x00000038   Code   RO         4319    i.usbd_ep_recev     usbd_core.o
    0x08001e6a   0x08001e6a   0x00000002   PAD
    0x08001e6c   0x08001e6c   0x0000009c   Code   RO         4147    i.usbd_ep_reset     usbd_lld_core.o
    0x08001f08   0x08001f08   0x00000030   Code   RO         4148    i.usbd_ep_rx_enable  usbd_lld_core.o
    0x08001f38   0x08001f38   0x0000004e   Code   RO         4320    i.usbd_ep_send      usbd_core.o
    0x08001f86   0x08001f86   0x00000002   PAD
    0x08001f88   0x08001f88   0x00000278   Code   RO         4149    i.usbd_ep_setup     usbd_lld_core.o
    0x08002200   0x08002200   0x000000f8   Code   RO         4150    i.usbd_ep_stall_clear  usbd_lld_core.o
    0x080022f8   0x080022f8   0x000000a4   Code   RO         4151    i.usbd_ep_stall_set  usbd_lld_core.o
    0x0800239c   0x0800239c   0x00000024   Code   RO         4152    i.usbd_ep_status    usbd_lld_core.o
    0x080023c0   0x080023c0   0x00000014   Code   RO         4153    i.usbd_ep_status_get  usbd_lld_core.o
    0x080023d4   0x080023d4   0x00000014   Code   RO         4388    i.usbd_ep_status_get  usbd_enum.o
    0x080023e8   0x080023e8   0x00000074   Code   RO         4321    i.usbd_init         usbd_core.o
    0x0800245c   0x0800245c   0x00000024   Code   RO         4261    i.usbd_int_suspend  usbd_lld_int.o
    0x08002480   0x08002480   0x0000028c   Code   RO         4262    i.usbd_isr          usbd_lld_int.o
    0x0800270c   0x0800270c   0x0000001c   Code   RO         4154    i.usbd_leave_suspend  usbd_lld_core.o
    0x08002728   0x08002728   0x00000020   Code   RO         4155    i.usbd_resume       usbd_lld_core.o
    0x08002748   0x08002748   0x0000001c   Code   RO         4389    i.usbd_standard_request  usbd_enum.o
    0x08002764   0x08002764   0x00000014   Code   RO         4156    i.usbd_suspend      usbd_lld_core.o
    0x08002778   0x08002778   0x00000014   Code   RO         4390    i.usbd_vendor_request  usbd_enum.o
    0x0800278c   0x0800278c   0x00000022   Code   RO         4622    i.winusb_check_ready  standard_winusb_core.o
    0x080027ae   0x080027ae   0x00000010   Code   RO         4623    i.winusb_ctlx_out   standard_winusb_core.o
    0x080027be   0x080027be   0x0000003a   Code   RO         4624    i.winusb_data_in    standard_winusb_core.o
    0x080027f8   0x080027f8   0x0000001e   Code   RO         4625    i.winusb_data_out   standard_winusb_core.o
    0x08002816   0x08002816   0x0000001c   Code   RO         4626    i.winusb_data_receive  standard_winusb_core.o
    0x08002832   0x08002832   0x0000002c   Code   RO         4627    i.winusb_data_send  standard_winusb_core.o
    0x0800285e   0x0800285e   0x0000001a   Code   RO         4628    i.winusb_deinit     standard_winusb_core.o
    0x08002878   0x08002878   0x00000058   Code   RO         4629    i.winusb_init       standard_winusb_core.o
    0x080028d0   0x080028d0   0x00000098   Code   RO         4630    i.winusb_req_handler  standard_winusb_core.o
    0x08002968   0x08002968   0x00000010   Data   RO         4159    .constdata          usbd_lld_core.o
    0x08002978   0x08002978   0x000000c8   Data   RO         4632    .constdata          standard_winusb_core.o
    0x08002a40   0x08002a40   0x00000020   Data   RO         5015    Region$$Table       anon$$obj.o


    Execution Region RW_IRAM1 (Exec base: 0x20000000, Load base: 0x08002a60, Size: 0x000009b8, Max: 0x00005000, ABSOLUTE, COMPRESSED[0x00000110])

    Exec Addr    Load Addr    Size         Type   Attr      Idx    E Section Name        Object

    0x20000000   COMPRESSED   0x00000004   Data   RW           15    .data               system_gd32f10x.o
    0x20000004   COMPRESSED   0x00000008   Data   RW          214    .data               gd32f10x_it.o
    0x2000000c   COMPRESSED   0x00000004   Data   RW          344    .data               systick.o
    0x20000010   COMPRESSED   0x0000001c   Data   RW          512    .data               usbd.o
    0x2000002c   COMPRESSED   0x00000001   Data   RW          585    .data               key.o
    0x2000002d   COMPRESSED   0x00000003   PAD
    0x20000030   COMPRESSED   0x0000004c   Data   RW         4160    .data               usbd_lld_core.o
    0x2000007c   COMPRESSED   0x00000004   Data   RW         4322    .data               usbd_core.o
    0x20000080   COMPRESSED   0x00000043   Data   RW         4391    .data               usbd_enum.o
    0x200000c3   COMPRESSED   0x00000001   PAD
    0x200000c4   COMPRESSED   0x000001fc   Data   RW         4633    .data               standard_winusb_core.o
    0x200002c0   COMPRESSED   0x00000004   Data   RW         4989    .data               mc_w.l(stdout.o)
    0x200002c4        -       0x00000204   Zero   RW          416    .bss                usart.o
    0x200004c8        -       0x0000009c   Zero   RW          511    .bss                usbd.o
    0x20000564        -       0x0000004e   Zero   RW         4631    .bss                standard_winusb_core.o
    0x200005b2   COMPRESSED   0x00000006   PAD
    0x200005b8        -       0x00000400   Zero   RW            1    STACK               startup_gd32f10x_md.o



  Load Region LR$$.ARM.__AT_0x40006000 (Base: 0x40006000, Size: 0x00000000, Max: 0x00000030, ABSOLUTE)

    Execution Region ER$$.ARM.__AT_0x40006000 (Exec base: 0x40006000, Load base: 0x40006000, Size: 0x00000030, Max: 0x00000030, ABSOLUTE, UNINIT)

    Exec Addr    Load Addr    Size         Type   Attr      Idx    E Section Name        Object

    0x40006000        -       0x00000030   Zero   RW         4158    .ARM.__AT_0x40006000  usbd_lld_core.o


==============================================================================

Image component sizes


      Code (inc. data)   RO Data    RW Data    ZI Data      Debug   Object Name

       196          0          0          0          0       2309   gd32f10x_gpio.o
       208         20          0          8          0       4278   gd32f10x_it.o
       216         28          0          0          0       1736   gd32f10x_misc.o
       432         52          0          0          0       3414   gd32f10x_rcu.o
        60          0          0          0          0       1740   gd32f10x_spi.o
       566         16          0          0          0       8692   gd32f10x_usart.o
        40         10          0          1          0       1012   key.o
        84          8          0          0          0        427   led.o
        72         26          0          0          0        427   main.o
       124         10          0          0          0        511   spi.o
       538         26        200        508         78      14378   standard_winusb_core.o
        36          8        260          0       1024        796   startup_gd32f10x_md.o
       416         30          0          4          0      34707   system_gd32f10x.o
       144         20          0          4          0      23918   systick.o
       408         60          0          0        516       3772   usart.o
       428        138          0         28        156      11211   usbd.o
       258         20          0          4          0       7435   usbd_core.o
      1554         48          0         67          0      20719   usbd_enum.o
      1940        116         16         76         48      14685   usbd_lld_core.o
       688         18          0          0          0       9399   usbd_lld_int.o
       432          0          0          0          0       7665   usbd_transc.o

    ----------------------------------------------------------------------
      8858        654        508        704       1828     173231   Object Totals
         0          0         32          0          0          0   (incl. Generated)
        18          0          0          4          6          0   (incl. Padding)

    ----------------------------------------------------------------------

      Code (inc. data)   RO Data    RW Data    ZI Data      Debug   Library Member Name

        86          0          0          0          0          0   __dczerorl2.o
         0          0          0          0          0          0   entry.o
         0          0          0          0          0          0   entry10a.o
         0          0          0          0          0          0   entry11a.o
         4          0          0          0          0          0   entry12b.o
         8          4          0          0          0          0   entry2.o
         4          0          0          0          0          0   entry5.o
         0          0          0          0          0          0   entry7b.o
         0          0          0          0          0          0   entry8b.o
         8          4          0          0          0          0   entry9a.o
        30          0          0          0          0          0   handlers.o
        36          8          0          0          0         68   init.o
        30          0          0          0          0         68   llshl.o
        32          0          0          0          0         68   llushr.o
      1142         54          0          0          0        352   printf8.o
         0          0          0          4          0          0   stdout.o
        98          0          0          0          0         92   uldiv.o

    ----------------------------------------------------------------------
      1482         70          0          4          0        648   Library Totals
         4          0          0          0          0          0   (incl. Padding)

    ----------------------------------------------------------------------

      Code (inc. data)   RO Data    RW Data    ZI Data      Debug   Library Name

      1478         70          0          4          0        648   mc_w.l

    ----------------------------------------------------------------------
      1482         70          0          4          0        648   Library Totals

    ----------------------------------------------------------------------

==============================================================================


      Code (inc. data)   RO Data    RW Data    ZI Data      Debug   

     10340        724        508        708       1828     167715   Grand Totals
     10340        724        508        272       1828     167715   ELF Image Totals (compressed)
     10340        724        508        272          0          0   ROM Totals

==============================================================================

    Total RO  Size (Code + RO Data)                10848 (  10.59kB)
    Total RW  Size (RW Data + ZI Data)              2536 (   2.48kB)
    Total ROM Size (Code + RO Data + RW Data)      11120 (  10.86kB)

==============================================================================

